Archive member included to satisfy reference by file (symbol)

/opt/st/stm32cubeide_1.9.0/plugins/com.st.stm32cube.ide.mcu.externaltools.gnu-tools-for-stm32.10.3-2021.10.linux64_1.0.0.202111181127/tools/bin/../lib/gcc/arm-none-eabi/10.3.1/../../../../arm-none-eabi/lib/thumb/v7e-m+dp/hard/libc_nano.a(lib_a-atoi.o)
                              ./Core/Src/main.o (atoi)
/opt/st/stm32cubeide_1.9.0/plugins/com.st.stm32cube.ide.mcu.externaltools.gnu-tools-for-stm32.10.3-2021.10.linux64_1.0.0.202111181127/tools/bin/../lib/gcc/arm-none-eabi/10.3.1/../../../../arm-none-eabi/lib/thumb/v7e-m+dp/hard/libc_nano.a(lib_a-errno.o)
                              ./Core/Src/syscalls.o (__errno)
/opt/st/stm32cubeide_1.9.0/plugins/com.st.stm32cube.ide.mcu.externaltools.gnu-tools-for-stm32.10.3-2021.10.linux64_1.0.0.202111181127/tools/bin/../lib/gcc/arm-none-eabi/10.3.1/../../../../arm-none-eabi/lib/thumb/v7e-m+dp/hard/libc_nano.a(lib_a-exit.o)
                              /opt/st/stm32cubeide_1.9.0/plugins/com.st.stm32cube.ide.mcu.externaltools.gnu-tools-for-stm32.10.3-2021.10.linux64_1.0.0.202111181127/tools/bin/../lib/gcc/arm-none-eabi/10.3.1/../../../../arm-none-eabi/lib/thumb/v7e-m+dp/hard/crt0.o (exit)
/opt/st/stm32cubeide_1.9.0/plugins/com.st.stm32cube.ide.mcu.externaltools.gnu-tools-for-stm32.10.3-2021.10.linux64_1.0.0.202111181127/tools/bin/../lib/gcc/arm-none-eabi/10.3.1/../../../../arm-none-eabi/lib/thumb/v7e-m+dp/hard/libc_nano.a(lib_a-impure.o)
                              /opt/st/stm32cubeide_1.9.0/plugins/com.st.stm32cube.ide.mcu.externaltools.gnu-tools-for-stm32.10.3-2021.10.linux64_1.0.0.202111181127/tools/bin/../lib/gcc/arm-none-eabi/10.3.1/../../../../arm-none-eabi/lib/thumb/v7e-m+dp/hard/libc_nano.a(lib_a-exit.o) (_global_impure_ptr)
/opt/st/stm32cubeide_1.9.0/plugins/com.st.stm32cube.ide.mcu.externaltools.gnu-tools-for-stm32.10.3-2021.10.linux64_1.0.0.202111181127/tools/bin/../lib/gcc/arm-none-eabi/10.3.1/../../../../arm-none-eabi/lib/thumb/v7e-m+dp/hard/libc_nano.a(lib_a-init.o)
                              /opt/st/stm32cubeide_1.9.0/plugins/com.st.stm32cube.ide.mcu.externaltools.gnu-tools-for-stm32.10.3-2021.10.linux64_1.0.0.202111181127/tools/bin/../lib/gcc/arm-none-eabi/10.3.1/../../../../arm-none-eabi/lib/thumb/v7e-m+dp/hard/crt0.o (__libc_init_array)
/opt/st/stm32cubeide_1.9.0/plugins/com.st.stm32cube.ide.mcu.externaltools.gnu-tools-for-stm32.10.3-2021.10.linux64_1.0.0.202111181127/tools/bin/../lib/gcc/arm-none-eabi/10.3.1/../../../../arm-none-eabi/lib/thumb/v7e-m+dp/hard/libc_nano.a(lib_a-memcpy-stub.o)
                              ./Middlewares/Third_Party/FreeRTOS/Source/queue.o (memcpy)
/opt/st/stm32cubeide_1.9.0/plugins/com.st.stm32cube.ide.mcu.externaltools.gnu-tools-for-stm32.10.3-2021.10.linux64_1.0.0.202111181127/tools/bin/../lib/gcc/arm-none-eabi/10.3.1/../../../../arm-none-eabi/lib/thumb/v7e-m+dp/hard/libc_nano.a(lib_a-memset.o)
                              /opt/st/stm32cubeide_1.9.0/plugins/com.st.stm32cube.ide.mcu.externaltools.gnu-tools-for-stm32.10.3-2021.10.linux64_1.0.0.202111181127/tools/bin/../lib/gcc/arm-none-eabi/10.3.1/../../../../arm-none-eabi/lib/thumb/v7e-m+dp/hard/crt0.o (memset)
/opt/st/stm32cubeide_1.9.0/plugins/com.st.stm32cube.ide.mcu.externaltools.gnu-tools-for-stm32.10.3-2021.10.linux64_1.0.0.202111181127/tools/bin/../lib/gcc/arm-none-eabi/10.3.1/../../../../arm-none-eabi/lib/thumb/v7e-m+dp/hard/libc_nano.a(lib_a-strtol.o)
                              /opt/st/stm32cubeide_1.9.0/plugins/com.st.stm32cube.ide.mcu.externaltools.gnu-tools-for-stm32.10.3-2021.10.linux64_1.0.0.202111181127/tools/bin/../lib/gcc/arm-none-eabi/10.3.1/../../../../arm-none-eabi/lib/thumb/v7e-m+dp/hard/libc_nano.a(lib_a-atoi.o) (_strtol_r)
/opt/st/stm32cubeide_1.9.0/plugins/com.st.stm32cube.ide.mcu.externaltools.gnu-tools-for-stm32.10.3-2021.10.linux64_1.0.0.202111181127/tools/bin/../lib/gcc/arm-none-eabi/10.3.1/../../../../arm-none-eabi/lib/thumb/v7e-m+dp/hard/libc_nano.a(lib_a-ctype_.o)
                              /opt/st/stm32cubeide_1.9.0/plugins/com.st.stm32cube.ide.mcu.externaltools.gnu-tools-for-stm32.10.3-2021.10.linux64_1.0.0.202111181127/tools/bin/../lib/gcc/arm-none-eabi/10.3.1/../../../../arm-none-eabi/lib/thumb/v7e-m+dp/hard/libc_nano.a(lib_a-strtol.o) (_ctype_)
/opt/st/stm32cubeide_1.9.0/plugins/com.st.stm32cube.ide.mcu.externaltools.gnu-tools-for-stm32.10.3-2021.10.linux64_1.0.0.202111181127/tools/bin/../lib/gcc/arm-none-eabi/10.3.1/../../../../arm-none-eabi/lib/thumb/v7e-m+dp/hard/libm.a(lib_a-s_round.o)
                              ./Core/Src/main.o (round)
/opt/st/stm32cubeide_1.9.0/plugins/com.st.stm32cube.ide.mcu.externaltools.gnu-tools-for-stm32.10.3-2021.10.linux64_1.0.0.202111181127/tools/bin/../lib/gcc/arm-none-eabi/10.3.1/thumb/v7e-m+dp/hard/libgcc.a(_aeabi_uldivmod.o)
                              ./Drivers/STM32H7xx_HAL_Driver/Src/stm32h7xx_hal_uart.o (__aeabi_uldivmod)
[...]
Memory Configuration

Name             Origin             Length             Attributes
ITCMRAM          0x0000000000000000 0x0000000000010000 xrw
FLASH            0x0000000008000000 0x0000000000200000 xr
DTCMRAM1         0x0000000020000000 0x0000000000010000 xrw
DTCMRAM2         0x0000000020010000 0x0000000000010000 xrw
RAM              0x0000000024000000 0x0000000000100000 xrw
RAM_CD           0x0000000030000000 0x0000000000020000 xrw
RAM_SRD          0x0000000038000000 0x0000000000008000 xrw
*default*        0x0000000000000000 0xffffffffffffffff

Linker script and memory map

LOAD /opt/st/stm32cubeide_1.9.0/plugins/com.st.stm32cube.ide.mcu.externaltools.gnu-tools-for-stm32.10.3-2021.10.linux64_1.0.0.202111181127/tools/bin/../lib/gcc/arm-none-eabi/10.3.1/thumb/v7e-m+dp/hard/crti.o
LOAD /opt/st/stm32cubeide_1.9.0/plugins/com.st.stm32cube.ide.mcu.externaltools.gnu-tools-for-stm32.10.3-2021.10.linux64_1.0.0.202111181127/tools/bin/../lib/gcc/arm-none-eabi/10.3.1/thumb/v7e-m+dp/hard/crtbegin.o
LOAD /opt/st/stm32cubeide_1.9.0/plugins/com.st.stm32cube.ide.mcu.externaltools.gnu-tools-for-stm32.10.3-2021.10.linux64_1.0.0.202111181127/tools/bin/../lib/gcc/arm-none-eabi/10.3.1/../../../../arm-none-eabi/lib/thumb/v7e-m+dp/hard/crt0.o
LOAD ./Core/Src/freertos.o
LOAD ./Core/Src/main.o
LOAD ./Core/Src/stm32h7xx_hal_msp.o
LOAD ./Core/Src/stm32h7xx_hal_timebase_tim.o
LOAD ./Core/Src/stm32h7xx_it.o
LOAD ./Core/Src/syscalls.o
LOAD ./Core/Src/sysmem.o
LOAD ./Core/Src/system_stm32h7xx.o
LOAD ./Core/Startup/startup_stm32h7a3zitxq.o
LOAD ./Drivers/STM32H7xx_HAL_Driver/Src/stm32h7xx_hal.o
LOAD ./Drivers/STM32H7xx_HAL_Driver/Src/stm32h7xx_hal_adc.o
LOAD ./Drivers/STM32H7xx_HAL_Driver/Src/stm32h7xx_hal_adc_ex.o
LOAD ./Drivers/STM32H7xx_HAL_Driver/Src/stm32h7xx_hal_cortex.o
LOAD ./Drivers/STM32H7xx_HAL_Driver/Src/stm32h7xx_hal_dma.o
LOAD ./Drivers/STM32H7xx_HAL_Driver/Src/stm32h7xx_hal_dma_ex.o
LOAD ./Drivers/STM32H7xx_HAL_Driver/Src/stm32h7xx_hal_exti.o
LOAD ./Drivers/STM32H7xx_HAL_Driver/Src/stm32h7xx_hal_flash.o
LOAD ./Drivers/STM32H7xx_HAL_Driver/Src/stm32h7xx_hal_flash_ex.o
LOAD ./Drivers/STM32H7xx_HAL_Driver/Src/stm32h7xx_hal_gpio.o
LOAD ./Drivers/STM32H7xx_HAL_Driver/Src/stm32h7xx_hal_hsem.o
LOAD ./Drivers/STM32H7xx_HAL_Driver/Src/stm32h7xx_hal_i2c.o
LOAD ./Drivers/STM32H7xx_HAL_Driver/Src/stm32h7xx_hal_i2c_ex.o
LOAD ./Drivers/STM32H7xx_HAL_Driver/Src/stm32h7xx_hal_mdma.o
LOAD ./Drivers/STM32H7xx_HAL_Driver/Src/stm32h7xx_hal_pwr.o
LOAD ./Drivers/STM32H7xx_HAL_Driver/Src/stm32h7xx_hal_pwr_ex.o
LOAD ./Drivers/STM32H7xx_HAL_Driver/Src/stm32h7xx_hal_rcc.o
LOAD ./Drivers/STM32H7xx_HAL_Driver/Src/stm32h7xx_hal_rcc_ex.o
LOAD ./Drivers/STM32H7xx_HAL_Driver/Src/stm32h7xx_hal_spi.o
LOAD ./Drivers/STM32H7xx_HAL_Driver/Src/stm32h7xx_hal_spi_ex.o
LOAD ./Drivers/STM32H7xx_HAL_Driver/Src/stm32h7xx_hal_tim.o
LOAD ./Drivers/STM32H7xx_HAL_Driver/Src/stm32h7xx_hal_tim_ex.o
LOAD ./Drivers/STM32H7xx_HAL_Driver/Src/stm32h7xx_hal_uart.o
LOAD ./Drivers/STM32H7xx_HAL_Driver/Src/stm32h7xx_hal_uart_ex.o
LOAD ./Middlewares/Third_Party/FreeRTOS/Source/CMSIS_RTOS/cmsis_os.o
LOAD ./Middlewares/Third_Party/FreeRTOS/Source/croutine.o
LOAD ./Middlewares/Third_Party/FreeRTOS/Source/event_groups.o
LOAD ./Middlewares/Third_Party/FreeRTOS/Source/list.o
LOAD ./Middlewares/Third_Party/FreeRTOS/Source/queue.o
LOAD ./Middlewares/Third_Party/FreeRTOS/Source/stream_buffer.o
LOAD ./Middlewares/Third_Party/FreeRTOS/Source/tasks.o
LOAD ./Middlewares/Third_Party/FreeRTOS/Source/timers.o
LOAD ./Middlewares/Third_Party/FreeRTOS/Source/portable/GCC/ARM_CM4F/port.o
LOAD ./Middlewares/Third_Party/FreeRTOS/Source/portable/MemMang/heap_4.o
START GROUP
LOAD /opt/st/stm32cubeide_1.9.0/plugins/com.st.stm32cube.ide.mcu.externaltools.gnu-tools-for-stm32.10.3-2021.10.linux64_1.0.0.202111181127/tools/bin/../lib/gcc/arm-none-eabi/10.3.1/../../../../arm-none-eabi/lib/thumb/v7e-m+dp/hard/libc_nano.a
LOAD /opt/st/stm32cubeide_1.9.0/plugins/com.st.stm32cube.ide.mcu.externaltools.gnu-tools-for-stm32.10.3-2021.10.linux64_1.0.0.202111181127/tools/bin/../lib/gcc/arm-none-eabi/10.3.1/../../../../arm-none-eabi/lib/thumb/v7e-m+dp/hard/libm.a
END GROUP
START GROUP
LOAD /opt/st/stm32cubeide_1.9.0/plugins/com.st.stm32cube.ide.mcu.externaltools.gnu-tools-for-stm32.10.3-2021.10.linux64_1.0.0.202111181127/tools/bin/../lib/gcc/arm-none-eabi/10.3.1/thumb/v7e-m+dp/hard/libgcc.a
LOAD /opt/st/stm32cubeide_1.9.0/plugins/com.st.stm32cube.ide.mcu.externaltools.gnu-tools-for-stm32.10.3-2021.10.linux64_1.0.0.202111181127/tools/bin/../lib/gcc/arm-none-eabi/10.3.1/../../../../arm-none-eabi/lib/thumb/v7e-m+dp/hard/libc_nano.a
END GROUP
START GROUP
LOAD /opt/st/stm32cubeide_1.9.0/plugins/com.st.stm32cube.ide.mcu.externaltools.gnu-tools-for-stm32.10.3-2021.10.linux64_1.0.0.202111181127/tools/bin/../lib/gcc/arm-none-eabi/10.3.1/thumb/v7e-m+dp/hard/libgcc.a
LOAD /opt/st/stm32cubeide_1.9.0/plugins/com.st.stm32cube.ide.mcu.externaltools.gnu-tools-for-stm32.10.3-2021.10.linux64_1.0.0.202111181127/tools/bin/../lib/gcc/arm-none-eabi/10.3.1/../../../../arm-none-eabi/lib/thumb/v7e-m+dp/hard/libc_nano.a
LOAD /opt/st/stm32cubeide_1.9.0/plugins/com.st.stm32cube.ide.mcu.externaltools.gnu-tools-for-stm32.10.3-2021.10.linux64_1.0.0.202111181127/tools/bin/../lib/gcc/arm-none-eabi/10.3.1/../../../../arm-none-eabi/lib/thumb/v7e-m+dp/hard/libnosys.a
END GROUP
START GROUP
LOAD /opt/st/stm32cubeide_1.9.0/plugins/com.st.stm32cube.ide.mcu.externaltools.gnu-tools-for-stm32.10.3-2021.10.linux64_1.0.0.202111181127/tools/bin/../lib/gcc/arm-none-eabi/10.3.1/thumb/v7e-m+dp/hard/libgcc.a
LOAD /opt/st/stm32cubeide_1.9.0/plugins/com.st.stm32cube.ide.mcu.externaltools.gnu-tools-for-stm32.10.3-2021.10.linux64_1.0.0.202111181127/tools/bin/../lib/gcc/arm-none-eabi/10.3.1/../../../../arm-none-eabi/lib/thumb/v7e-m+dp/hard/libc_nano.a
LOAD /opt/st/stm32cubeide_1.9.0/plugins/com.st.stm32cube.ide.mcu.externaltools.gnu-tools-for-stm32.10.3-2021.10.linux64_1.0.0.202111181127/tools/bin/../lib/gcc/arm-none-eabi/10.3.1/../../../../arm-none-eabi/lib/thumb/v7e-m+dp/hard/libnosys.a
END GROUP
LOAD /opt/st/stm32cubeide_1.9.0/plugins/com.st.stm32cube.ide.mcu.externaltools.gnu-tools-for-stm32.10.3-2021.10.linux64_1.0.0.202111181127/tools/bin/../lib/gcc/arm-none-eabi/10.3.1/thumb/v7e-m+dp/hard/crtend.o
LOAD /opt/st/stm32cubeide_1.9.0/plugins/com.st.stm32cube.ide.mcu.externaltools.gnu-tools-for-stm32.10.3-2021.10.linux64_1.0.0.202111181127/tools/bin/../lib/gcc/arm-none-eabi/10.3.1/thumb/v7e-m+dp/hard/crtn.o
                0x0000000024100000                _estack = (ORIGIN (RAM) + LENGTH (RAM))
                0x0000000000000200                _Min_Heap_Size = 0x200
                0x0000000000000400                _Min_Stack_Size = 0x400

.isr_vector     0x0000000008000000      0x2ac
                0x0000000008000000                . = ALIGN (0x4)
 *(.isr_vector)
 .isr_vector    0x0000000008000000      0x2ac ./Core/Startup/startup_stm32h7a3zitxq.o
                0x0000000008000000                g_pfnVectors
                0x00000000080002ac                . = ALIGN (0x4)

.text           0x00000000080002b0    0x11910
                0x00000000080002b0                . = ALIGN (0x4)
 *(.text)
 .text          0x00000000080002b0       0x40 /opt/st/stm32cubeide_1.9.0/plugins/com.st.stm32cube.ide.mcu.externaltools.gnu-tools-for-stm32.10.3-2021.10.linux64_1.0.0.202111181127/tools/bin/../lib/gcc/arm-none-eabi/10.3.1/thumb/v7e-m+dp/hard/crtbegin.o
 .text          0x00000000080002f0       0x30 /opt/st/stm32cubeide_1.9.0/plugins/com.st.stm32cube.ide.mcu.externaltools.gnu-tools-for-stm32.10.3-2021.10.linux64_1.0.0.202111181127/tools/bin/../lib/gcc/arm-none-eabi/10.3.1/thumb/v7e-m+dp/hard/libgcc.a(_aeabi_uldivmod.o)
                0x00000000080002f0                __aeabi_uldivmod
 .text          0x0000000008000320      0x2d0 /opt/st/stm32cubeide_1.9.0/plugins/com.st.stm32cube.ide.mcu.externaltools.gnu-tools-for-stm32.10.3-2021.10.linux64_1.0.0.202111181127/tools/bin/../lib/gcc/arm-none-eabi/10.3.1/thumb/v7e-m+dp/hard/libgcc.a(_udivmoddi4.o)
                0x0000000008000320                __udivmoddi4
 .text          0x00000000080005f0        0x4 /opt/st/stm32cubeide_1.9.0/plugins/com.st.stm32cube.ide.mcu.externaltools.gnu-tools-for-stm32.10.3-2021.10.linux64_1.0.0.202111181127/tools/bin/../lib/gcc/arm-none-eabi/10.3.1/thumb/v7e-m+dp/hard/libgcc.a(_dvmd_tls.o)
                0x00000000080005f0                __aeabi_ldiv0
                0x00000000080005f0                __aeabi_idiv0
 *(.text*)
 .text.vApplicationGetIdleTaskMemory
                0x00000000080005f4       0x34 ./Core/Src/freertos.o
                0x00000000080005f4                vApplicationGetIdleTaskMemory
 .text.main     0x0000000008000628      0x3a4 ./Core/Src/main.o
                0x0000000008000628                main
 .text.SystemClock_Config
                0x00000000080009cc       0xf4 ./Core/Src/main.o
                0x00000000080009cc                SystemClock_Config
 .text.MX_ADC1_Init
                0x0000000008000ac0       0xf0 ./Core/Src/main.o
 .text.MX_SPI1_Init
                0x0000000008000bb0       0xb0 ./Core/Src/main.o
 .text.MX_SPI2_Init
                0x0000000008000c60       0xa0 ./Core/Src/main.o
 .text.MX_TIM2_Init
                0x0000000008000d00       0xf0 ./Core/Src/main.o
 .text.MX_TIM3_Init
                0x0000000008000df0       0xa0 ./Core/Src/main.o
 .text.MX_TIM5_Init
                0x0000000008000e90       0xa0 ./Core/Src/main.o
 .text.MX_USART3_UART_Init
                0x0000000008000f30       0x98 ./Core/Src/main.o
 .text.MX_USB_OTG_HS_USB_Init
                0x0000000008000fc8        0xe ./Core/Src/main.o
 *fill*         0x0000000008000fd6        0x2 
 .text.MX_DMA_Init
                0x0000000008000fd8       0x40 ./Core/Src/main.o
 .text.MX_GPIO_Init
                0x0000000008001018      0x298 ./Core/Src/main.o
 .text.UARTCom  0x00000000080012b0      0x17c ./Core/Src/main.o
                0x00000000080012b0                UARTCom
 .text.AutoFocus
                0x000000000800142c      0x144 ./Core/Src/main.o
                0x000000000800142c                AutoFocus
 .text.MotorCtrlX
                0x0000000008001570      0x250 ./Core/Src/main.o
                0x0000000008001570                MotorCtrlX
 .text.MotorCtrlY
                0x00000000080017c0      0x264 ./Core/Src/main.o
                0x00000000080017c0                MotorCtrlY
 *fill*         0x0000000008001a24        0x4 
 .text.HeliumCtrl
                0x0000000008001a28       0x8c ./Core/Src/main.o
                0x0000000008001a28                HeliumCtrl
 .text.HAL_UART_RxCpltCallback
                0x0000000008001ab4       0x58 ./Core/Src/main.o
                0x0000000008001ab4                HAL_UART_RxCpltCallback
 .text.HAL_SPI_RxCpltCallback
                0x0000000008001b0c       0x5c ./Core/Src/main.o
                0x0000000008001b0c                HAL_SPI_RxCpltCallback
 .text.HAL_ADC_ConvCpltCallback
                0x0000000008001b68       0x60 ./Core/Src/main.o
                0x0000000008001b68                HAL_ADC_ConvCpltCallback
 .text.HAL_TIM_PeriodElapsedCallback
                0x0000000008001bc8       0x88 ./Core/Src/main.o
                0x0000000008001bc8                HAL_TIM_PeriodElapsedCallback
 .text.Error_Handler
                0x0000000008001c50        0xa ./Core/Src/main.o
                0x0000000008001c50                Error_Handler
 *fill*         0x0000000008001c5a        0x2 
 .text.HAL_MspInit
                0x0000000008001c5c       0x3c ./Core/Src/stm32h7xx_hal_msp.o
                0x0000000008001c5c                HAL_MspInit
 .text.HAL_ADC_MspInit
                0x0000000008001c98       0xf0 ./Core/Src/stm32h7xx_hal_msp.o
                0x0000000008001c98                HAL_ADC_MspInit
 .text.HAL_SPI_MspInit
                0x0000000008001d88      0x218 ./Core/Src/stm32h7xx_hal_msp.o
                0x0000000008001d88                HAL_SPI_MspInit
 .text.HAL_TIM_Base_MspInit
                0x0000000008001fa0       0xb8 ./Core/Src/stm32h7xx_hal_msp.o
                0x0000000008001fa0                HAL_TIM_Base_MspInit
 .text.HAL_TIM_MspPostInit
                0x0000000008002058       0x70 ./Core/Src/stm32h7xx_hal_msp.o
                0x0000000008002058                HAL_TIM_MspPostInit
 .text.HAL_UART_MspInit
                0x00000000080020c8       0xdc ./Core/Src/stm32h7xx_hal_msp.o
                0x00000000080020c8                HAL_UART_MspInit
 .text.HAL_InitTick
                0x00000000080021a4       0xd8 ./Core/Src/stm32h7xx_hal_timebase_tim.o
                0x00000000080021a4                HAL_InitTick
 .text.NMI_Handler
                0x000000000800227c        0x6 ./Core/Src/stm32h7xx_it.o
                0x000000000800227c                NMI_Handler
 .text.HardFault_Handler
                0x0000000008002282        0x6 ./Core/Src/stm32h7xx_it.o
                0x0000000008002282                HardFault_Handler
 .text.MemManage_Handler
                0x0000000008002288        0x6 ./Core/Src/stm32h7xx_it.o
                0x0000000008002288                MemManage_Handler
 .text.BusFault_Handler
                0x000000000800228e        0x6 ./Core/Src/stm32h7xx_it.o
                0x000000000800228e                BusFault_Handler
 .text.UsageFault_Handler
                0x0000000008002294        0x6 ./Core/Src/stm32h7xx_it.o
                0x0000000008002294                UsageFault_Handler
 .text.DebugMon_Handler
                0x000000000800229a        0xe ./Core/Src/stm32h7xx_it.o
                0x000000000800229a                DebugMon_Handler
 .text.DMA1_Stream0_IRQHandler
                0x00000000080022a8       0x14 ./Core/Src/stm32h7xx_it.o
                0x00000000080022a8                DMA1_Stream0_IRQHandler
 .text.ADC_IRQHandler
                0x00000000080022bc       0x14 ./Core/Src/stm32h7xx_it.o
                0x00000000080022bc                ADC_IRQHandler
 .text.TIM3_IRQHandler
                0x00000000080022d0       0x14 ./Core/Src/stm32h7xx_it.o
                0x00000000080022d0                TIM3_IRQHandler
 .text.USART3_IRQHandler
                0x00000000080022e4       0x14 ./Core/Src/stm32h7xx_it.o
                0x00000000080022e4                USART3_IRQHandler
 .text.TIM5_IRQHandler
                0x00000000080022f8       0x14 ./Core/Src/stm32h7xx_it.o
                0x00000000080022f8                TIM5_IRQHandler
 .text.TIM6_DAC_IRQHandler
                0x000000000800230c       0x14 ./Core/Src/stm32h7xx_it.o
                0x000000000800230c                TIM6_DAC_IRQHandler
 .text.SystemInit
                0x0000000008002320       0xf0 ./Core/Src/system_stm32h7xx.o
                0x0000000008002320                SystemInit
 .text.Reset_Handler
                0x0000000008002410       0x50 ./Core/Startup/startup_stm32h7a3zitxq.o
                0x0000000008002410                Reset_Handler
 .text.Default_Handler
                0x0000000008002460        0x2 ./Core/Startup/startup_stm32h7a3zitxq.o
                0x0000000008002460                RTC_Alarm_IRQHandler
                0x0000000008002460                EXTI2_IRQHandler
                0x0000000008002460                TIM8_CC_IRQHandler
                0x0000000008002460                UART8_IRQHandler
                0x0000000008002460                BDMA2_Channel1_IRQHandler
                0x0000000008002460                SPI4_IRQHandler
                0x0000000008002460                BDMA2_Channel0_IRQHandler
                0x0000000008002460                TIM1_CC_IRQHandler
                0x0000000008002460                DMA2_Stream5_IRQHandler
                0x0000000008002460                JPEG_IRQHandler
                0x0000000008002460                DMA1_Stream5_IRQHandler
                0x0000000008002460                EXTI3_IRQHandler
                0x0000000008002460                LPTIM4_IRQHandler
                0x0000000008002460                TIM8_TRG_COM_TIM14_IRQHandler
                0x0000000008002460                LPTIM2_IRQHandler
                0x0000000008002460                DFSDM1_FLT1_IRQHandler
                0x0000000008002460                DMAMUX2_OVR_IRQHandler
                0x0000000008002460                GFXMMU_IRQHandler
                0x0000000008002460                TIM8_UP_TIM13_IRQHandler
                0x0000000008002460                I2C3_ER_IRQHandler
                0x0000000008002460                DFSDM1_FLT2_IRQHandler
                0x0000000008002460                USART10_IRQHandler
                0x0000000008002460                MDMA_IRQHandler
                0x0000000008002460                LPTIM3_IRQHandler
                0x0000000008002460                BDMA2_Channel3_IRQHandler
                0x0000000008002460                HSEM1_IRQHandler
                0x0000000008002460                EXTI0_IRQHandler
                0x0000000008002460                I2C2_EV_IRQHandler
                0x0000000008002460                DAC2_IRQHandler
                0x0000000008002460                DMA1_Stream2_IRQHandler
                0x0000000008002460                FPU_IRQHandler
                0x0000000008002460                OTG_HS_WKUP_IRQHandler
                0x0000000008002460                FDCAN1_IT1_IRQHandler
                0x0000000008002460                LTDC_ER_IRQHandler
                0x0000000008002460                DMA2_Stream2_IRQHandler
                0x0000000008002460                SPI1_IRQHandler
                0x0000000008002460                OCTOSPI1_IRQHandler
                0x0000000008002460                BDMA2_Channel6_IRQHandler
                0x0000000008002460                DMA2_Stream3_IRQHandler
                0x0000000008002460                OCTOSPI2_IRQHandler
                0x0000000008002460                SAI2_IRQHandler
                0x0000000008002460                BDMA1_IRQHandler
                0x0000000008002460                DFSDM1_FLT3_IRQHandler
                0x0000000008002460                USART6_IRQHandler
                0x0000000008002460                TIM17_IRQHandler
                0x0000000008002460                LPTIM5_IRQHandler
                0x0000000008002460                UART5_IRQHandler
                0x0000000008002460                DMA2_Stream0_IRQHandler
                0x0000000008002460                TIM4_IRQHandler
                0x0000000008002460                I2C1_EV_IRQHandler
                0x0000000008002460                DMA1_Stream6_IRQHandler
                0x0000000008002460                DMAMUX1_OVR_IRQHandler
                0x0000000008002460                DMA1_Stream1_IRQHandler
                0x0000000008002460                TIM16_IRQHandler
                0x0000000008002460                UART4_IRQHandler
                0x0000000008002460                RCC_IRQHandler
                0x0000000008002460                UART9_IRQHandler
                0x0000000008002460                TIM8_BRK_TIM12_IRQHandler
                0x0000000008002460                TIM1_TRG_COM_IRQHandler
                0x0000000008002460                Default_Handler
                0x0000000008002460                ECC_IRQHandler
                0x0000000008002460                BDMA2_Channel2_IRQHandler
                0x0000000008002460                CEC_IRQHandler
                0x0000000008002460                EXTI15_10_IRQHandler
                0x0000000008002460                DFSDM1_FLT4_IRQHandler
                0x0000000008002460                DMA1_Stream7_IRQHandler
                0x0000000008002460                SPI5_IRQHandler
                0x0000000008002460                TIM7_IRQHandler
                0x0000000008002460                SDMMC1_IRQHandler
                0x0000000008002460                DMA2_Stream7_IRQHandler
                0x0000000008002460                TIM15_IRQHandler
                0x0000000008002460                I2C3_EV_IRQHandler
                0x0000000008002460                DFSDM2_IRQHandler
                0x0000000008002460                EXTI9_5_IRQHandler
                0x0000000008002460                RTC_WKUP_IRQHandler
                0x0000000008002460                LTDC_IRQHandler
                0x0000000008002460                SPDIF_RX_IRQHandler
                0x0000000008002460                PVD_PVM_IRQHandler
                0x0000000008002460                SPI2_IRQHandler
                0x0000000008002460                OTG_HS_EP1_IN_IRQHandler
                0x0000000008002460                DFSDM1_FLT5_IRQHandler
                0x0000000008002460                CRS_IRQHandler
                0x0000000008002460                EXTI4_IRQHandler
                0x0000000008002460                DFSDM1_FLT6_IRQHandler
                0x0000000008002460                RNG_IRQHandler
                0x0000000008002460                FDCAN2_IT1_IRQHandler
                0x0000000008002460                COMP_IRQHandler
                0x0000000008002460                TIM1_UP_IRQHandler
                0x0000000008002460                OTG_HS_EP1_OUT_IRQHandler
                0x0000000008002460                WWDG_IRQHandler
                0x0000000008002460                SPI6_IRQHandler
                0x0000000008002460                MDIOS_IRQHandler
                0x0000000008002460                I2C4_EV_IRQHandler
                0x0000000008002460                FDCAN2_IT0_IRQHandler
                0x0000000008002460                LPUART1_IRQHandler
                0x0000000008002460                FDCAN1_IT0_IRQHandler
                0x0000000008002460                TIM2_IRQHandler
                0x0000000008002460                BDMA2_Channel5_IRQHandler
                0x0000000008002460                OTG_HS_IRQHandler
                0x0000000008002460                DMA2D_IRQHandler
                0x0000000008002460                TIM1_BRK_IRQHandler
                0x0000000008002460                EXTI1_IRQHandler
                0x0000000008002460                SDMMC2_IRQHandler
                0x0000000008002460                DTS_IRQHandler
                0x0000000008002460                UART7_IRQHandler
                0x0000000008002460                MDIOS_WKUP_IRQHandler
                0x0000000008002460                USART2_IRQHandler
                0x0000000008002460                DFSDM1_FLT0_IRQHandler
                0x0000000008002460                I2C2_ER_IRQHandler
                0x0000000008002460                DMA2_Stream1_IRQHandler
                0x0000000008002460                DFSDM1_FLT7_IRQHandler
                0x0000000008002460                FLASH_IRQHandler
                0x0000000008002460                DMA2_Stream4_IRQHandler
                0x0000000008002460                USART1_IRQHandler
                0x0000000008002460                SPI3_IRQHandler
                0x0000000008002460                WAKEUP_PIN_IRQHandler
                0x0000000008002460                DMA1_Stream4_IRQHandler
                0x0000000008002460                I2C1_ER_IRQHandler
                0x0000000008002460                FMC_IRQHandler
                0x0000000008002460                BDMA2_Channel7_IRQHandler
                0x0000000008002460                FDCAN_CAL_IRQHandler
                0x0000000008002460                SWPMI1_IRQHandler
                0x0000000008002460                LPTIM1_IRQHandler
                0x0000000008002460                DCMI_PSSI_IRQHandler
                0x0000000008002460                I2C4_ER_IRQHandler
                0x0000000008002460                DMA2_Stream6_IRQHandler
                0x0000000008002460                SAI1_IRQHandler
                0x0000000008002460                DMA1_Stream3_IRQHandler
                0x0000000008002460                RTC_TAMP_STAMP_CSS_LSE_IRQHandler
                0x0000000008002460                BDMA2_Channel4_IRQHandler
 *fill*         0x0000000008002462        0x2 
 .text.HAL_Init
                0x0000000008002464       0x78 ./Drivers/STM32H7xx_HAL_Driver/Src/stm32h7xx_hal.o
                0x0000000008002464                HAL_Init
 .text.HAL_IncTick
                0x00000000080024dc       0x28 ./Drivers/STM32H7xx_HAL_Driver/Src/stm32h7xx_hal.o
                0x00000000080024dc                HAL_IncTick
 .text.HAL_GetTick
                0x0000000008002504       0x18 ./Drivers/STM32H7xx_HAL_Driver/Src/stm32h7xx_hal.o
                0x0000000008002504                HAL_GetTick
 .text.LL_ADC_SetCommonClock
                0x000000000800251c       0x26 ./Drivers/STM32H7xx_HAL_Driver/Src/stm32h7xx_hal_adc.o
 .text.LL_ADC_SetCommonPathInternalCh
                0x0000000008002542       0x26 ./Drivers/STM32H7xx_HAL_Driver/Src/stm32h7xx_hal_adc.o
 .text.LL_ADC_GetCommonPathInternalCh
                0x0000000008002568       0x1c ./Drivers/STM32H7xx_HAL_Driver/Src/stm32h7xx_hal_adc.o
 .text.LL_ADC_SetOffset
                0x0000000008002584       0x40 ./Drivers/STM32H7xx_HAL_Driver/Src/stm32h7xx_hal_adc.o
 .text.LL_ADC_SetDataRightShift
                0x00000000080025c4       0x32 ./Drivers/STM32H7xx_HAL_Driver/Src/stm32h7xx_hal_adc.o
 .text.LL_ADC_SetOffsetSignedSaturation
                0x00000000080025f6       0x36 ./Drivers/STM32H7xx_HAL_Driver/Src/stm32h7xx_hal_adc.o
 .text.LL_ADC_REG_IsTriggerSourceSWStart
                0x000000000800262c       0x26 ./Drivers/STM32H7xx_HAL_Driver/Src/stm32h7xx_hal_adc.o
 .text.LL_ADC_REG_SetSequencerRanks
                0x0000000008002652       0x58 ./Drivers/STM32H7xx_HAL_Driver/Src/stm32h7xx_hal_adc.o
 .text.LL_ADC_INJ_IsTriggerSourceSWStart
                0x00000000080026aa       0x26 ./Drivers/STM32H7xx_HAL_Driver/Src/stm32h7xx_hal_adc.o
 .text.LL_ADC_SetChannelSamplingTime
                0x00000000080026d0       0x56 ./Drivers/STM32H7xx_HAL_Driver/Src/stm32h7xx_hal_adc.o
 *fill*         0x0000000008002726        0x2 
 .text.LL_ADC_SetChannelSingleDiff
                0x0000000008002728       0x48 ./Drivers/STM32H7xx_HAL_Driver/Src/stm32h7xx_hal_adc.o
 .text.LL_ADC_GetMultimode
                0x0000000008002770       0x1c ./Drivers/STM32H7xx_HAL_Driver/Src/stm32h7xx_hal_adc.o
 .text.LL_ADC_GetMultiDMATransfer
                0x000000000800278c       0x1c ./Drivers/STM32H7xx_HAL_Driver/Src/stm32h7xx_hal_adc.o
 .text.LL_ADC_DisableDeepPowerDown
                0x00000000080027a8       0x24 ./Drivers/STM32H7xx_HAL_Driver/Src/stm32h7xx_hal_adc.o
 .text.LL_ADC_IsDeepPowerDownEnabled
                0x00000000080027cc       0x28 ./Drivers/STM32H7xx_HAL_Driver/Src/stm32h7xx_hal_adc.o
 .text.LL_ADC_EnableInternalRegulator
                0x00000000080027f4       0x28 ./Drivers/STM32H7xx_HAL_Driver/Src/stm32h7xx_hal_adc.o
 .text.LL_ADC_IsInternalRegulatorEnabled
                0x000000000800281c       0x28 ./Drivers/STM32H7xx_HAL_Driver/Src/stm32h7xx_hal_adc.o
 .text.LL_ADC_Enable
                0x0000000008002844       0x28 ./Drivers/STM32H7xx_HAL_Driver/Src/stm32h7xx_hal_adc.o
 .text.LL_ADC_Disable
                0x000000000800286c       0x28 ./Drivers/STM32H7xx_HAL_Driver/Src/stm32h7xx_hal_adc.o
 .text.LL_ADC_IsEnabled
                0x0000000008002894       0x26 ./Drivers/STM32H7xx_HAL_Driver/Src/stm32h7xx_hal_adc.o
 .text.LL_ADC_IsDisableOngoing
                0x00000000080028ba       0x26 ./Drivers/STM32H7xx_HAL_Driver/Src/stm32h7xx_hal_adc.o
 .text.LL_ADC_REG_StartConversion
                0x00000000080028e0       0x28 ./Drivers/STM32H7xx_HAL_Driver/Src/stm32h7xx_hal_adc.o
 .text.LL_ADC_REG_StopConversion
                0x0000000008002908       0x28 ./Drivers/STM32H7xx_HAL_Driver/Src/stm32h7xx_hal_adc.o
 .text.LL_ADC_REG_IsConversionOngoing
                0x0000000008002930       0x26 ./Drivers/STM32H7xx_HAL_Driver/Src/stm32h7xx_hal_adc.o
 *fill*         0x0000000008002956        0x2 
 .text.LL_ADC_INJ_StopConversion
                0x0000000008002958       0x28 ./Drivers/STM32H7xx_HAL_Driver/Src/stm32h7xx_hal_adc.o
 .text.LL_ADC_INJ_IsConversionOngoing
                0x0000000008002980       0x26 ./Drivers/STM32H7xx_HAL_Driver/Src/stm32h7xx_hal_adc.o
 *fill*         0x00000000080029a6        0x2 
 .text.HAL_ADC_Init
                0x00000000080029a8      0x2b4 ./Drivers/STM32H7xx_HAL_Driver/Src/stm32h7xx_hal_adc.o
                0x00000000080029a8                HAL_ADC_Init
 .text.HAL_ADC_Start_IT
                0x0000000008002c5c      0x264 ./Drivers/STM32H7xx_HAL_Driver/Src/stm32h7xx_hal_adc.o
                0x0000000008002c5c                HAL_ADC_Start_IT
 .text.HAL_ADC_Stop_IT
                0x0000000008002ec0       0x78 ./Drivers/STM32H7xx_HAL_Driver/Src/stm32h7xx_hal_adc.o
                0x0000000008002ec0                HAL_ADC_Stop_IT
 .text.HAL_ADC_GetValue
                0x0000000008002f38       0x1a ./Drivers/STM32H7xx_HAL_Driver/Src/stm32h7xx_hal_adc.o
                0x0000000008002f38                HAL_ADC_GetValue
 *fill*         0x0000000008002f52        0x2 
 .text.HAL_ADC_IRQHandler
                0x0000000008002f54      0x434 ./Drivers/STM32H7xx_HAL_Driver/Src/stm32h7xx_hal_adc.o
                0x0000000008002f54                HAL_ADC_IRQHandler
 .text.HAL_ADC_LevelOutOfWindowCallback
                0x0000000008003388       0x14 ./Drivers/STM32H7xx_HAL_Driver/Src/stm32h7xx_hal_adc.o
                0x0000000008003388                HAL_ADC_LevelOutOfWindowCallback
 .text.HAL_ADC_ErrorCallback
                0x000000000800339c       0x14 ./Drivers/STM32H7xx_HAL_Driver/Src/stm32h7xx_hal_adc.o
                0x000000000800339c                HAL_ADC_ErrorCallback
 .text.HAL_ADC_ConfigChannel
                0x00000000080033b0      0x5cc ./Drivers/STM32H7xx_HAL_Driver/Src/stm32h7xx_hal_adc.o
                0x00000000080033b0                HAL_ADC_ConfigChannel
 .text.ADC_ConversionStop
                0x000000000800397c      0x178 ./Drivers/STM32H7xx_HAL_Driver/Src/stm32h7xx_hal_adc.o
                0x000000000800397c                ADC_ConversionStop
 .text.ADC_Enable
                0x0000000008003af4       0xf8 ./Drivers/STM32H7xx_HAL_Driver/Src/stm32h7xx_hal_adc.o
                0x0000000008003af4                ADC_Enable
 .text.ADC_Disable
                0x0000000008003bec       0xbe ./Drivers/STM32H7xx_HAL_Driver/Src/stm32h7xx_hal_adc.o
                0x0000000008003bec                ADC_Disable
 *fill*         0x0000000008003caa        0x2 
 .text.ADC_ConfigureBoostMode
                0x0000000008003cac      0x198 ./Drivers/STM32H7xx_HAL_Driver/Src/stm32h7xx_hal_adc.o
                0x0000000008003cac                ADC_ConfigureBoostMode
 .text.LL_ADC_IsEnabled
                0x0000000008003e44       0x26 ./Drivers/STM32H7xx_HAL_Driver/Src/stm32h7xx_hal_adc_ex.o
 *fill*         0x0000000008003e6a        0x2 
 .text.LL_ADC_StartCalibration
                0x0000000008003e6c       0x3c ./Drivers/STM32H7xx_HAL_Driver/Src/stm32h7xx_hal_adc_ex.o
 .text.LL_ADC_IsCalibrationOnGoing
                0x0000000008003ea8       0x28 ./Drivers/STM32H7xx_HAL_Driver/Src/stm32h7xx_hal_adc_ex.o
 .text.LL_ADC_REG_IsConversionOngoing
                0x0000000008003ed0       0x26 ./Drivers/STM32H7xx_HAL_Driver/Src/stm32h7xx_hal_adc_ex.o
 *fill*         0x0000000008003ef6        0x2 
 .text.HAL_ADCEx_Calibration_Start
                0x0000000008003ef8       0xc8 ./Drivers/STM32H7xx_HAL_Driver/Src/stm32h7xx_hal_adc_ex.o
                0x0000000008003ef8                HAL_ADCEx_Calibration_Start
 .text.HAL_ADCEx_InjectedConvCpltCallback
                0x0000000008003fc0       0x14 ./Drivers/STM32H7xx_HAL_Driver/Src/stm32h7xx_hal_adc_ex.o
                0x0000000008003fc0                HAL_ADCEx_InjectedConvCpltCallback
 .text.HAL_ADCEx_InjectedQueueOverflowCallback
                0x0000000008003fd4       0x14 ./Drivers/STM32H7xx_HAL_Driver/Src/stm32h7xx_hal_adc_ex.o
                0x0000000008003fd4                HAL_ADCEx_InjectedQueueOverflowCallback
 .text.HAL_ADCEx_LevelOutOfWindow2Callback
                0x0000000008003fe8       0x14 ./Drivers/STM32H7xx_HAL_Driver/Src/stm32h7xx_hal_adc_ex.o
                0x0000000008003fe8                HAL_ADCEx_LevelOutOfWindow2Callback
 .text.HAL_ADCEx_LevelOutOfWindow3Callback
                0x0000000008003ffc       0x14 ./Drivers/STM32H7xx_HAL_Driver/Src/stm32h7xx_hal_adc_ex.o
                0x0000000008003ffc                HAL_ADCEx_LevelOutOfWindow3Callback
 .text.HAL_ADCEx_EndOfSamplingCallback
                0x0000000008004010       0x14 ./Drivers/STM32H7xx_HAL_Driver/Src/stm32h7xx_hal_adc_ex.o
                0x0000000008004010                HAL_ADCEx_EndOfSamplingCallback
 .text.HAL_ADCEx_MultiModeConfigChannel
                0x0000000008004024      0x138 ./Drivers/STM32H7xx_HAL_Driver/Src/stm32h7xx_hal_adc_ex.o
                0x0000000008004024                HAL_ADCEx_MultiModeConfigChannel
 .text.__NVIC_SetPriorityGrouping
                0x000000000800415c       0x48 ./Drivers/STM32H7xx_HAL_Driver/Src/stm32h7xx_hal_cortex.o
 .text.__NVIC_GetPriorityGrouping
                0x00000000080041a4       0x1c ./Drivers/STM32H7xx_HAL_Driver/Src/stm32h7xx_hal_cortex.o
 .text.__NVIC_EnableIRQ
                0x00000000080041c0       0x3c ./Drivers/STM32H7xx_HAL_Driver/Src/stm32h7xx_hal_cortex.o
 .text.__NVIC_SetPriority
                0x00000000080041fc       0x54 ./Drivers/STM32H7xx_HAL_Driver/Src/stm32h7xx_hal_cortex.o
 .text.NVIC_EncodePriority
                0x0000000008004250       0x66 ./Drivers/STM32H7xx_HAL_Driver/Src/stm32h7xx_hal_cortex.o
 .text.HAL_NVIC_SetPriorityGrouping
                0x00000000080042b6       0x16 ./Drivers/STM32H7xx_HAL_Driver/Src/stm32h7xx_hal_cortex.o
                0x00000000080042b6                HAL_NVIC_SetPriorityGrouping
 .text.HAL_NVIC_SetPriority
                0x00000000080042cc       0x34 ./Drivers/STM32H7xx_HAL_Driver/Src/stm32h7xx_hal_cortex.o
                0x00000000080042cc                HAL_NVIC_SetPriority
 .text.HAL_NVIC_EnableIRQ
                0x0000000008004300       0x1c ./Drivers/STM32H7xx_HAL_Driver/Src/stm32h7xx_hal_cortex.o
                0x0000000008004300                HAL_NVIC_EnableIRQ
 .text.HAL_DMA_Init
                0x000000000800431c      0x720 ./Drivers/STM32H7xx_HAL_Driver/Src/stm32h7xx_hal_dma.o
                0x000000000800431c                HAL_DMA_Init
 .text.HAL_DMA_Start_IT
                0x0000000008004a3c      0x4d4 ./Drivers/STM32H7xx_HAL_Driver/Src/stm32h7xx_hal_dma.o
                0x0000000008004a3c                HAL_DMA_Start_IT
 .text.HAL_DMA_Abort
                0x0000000008004f10      0x63c ./Drivers/STM32H7xx_HAL_Driver/Src/stm32h7xx_hal_dma.o
                0x0000000008004f10                HAL_DMA_Abort
 .text.HAL_DMA_Abort_IT
                0x000000000800554c      0x48c ./Drivers/STM32H7xx_HAL_Driver/Src/stm32h7xx_hal_dma.o
                0x000000000800554c                HAL_DMA_Abort_IT
 .text.HAL_DMA_IRQHandler
                0x00000000080059d8      0xec4 ./Drivers/STM32H7xx_HAL_Driver/Src/stm32h7xx_hal_dma.o
                0x00000000080059d8                HAL_DMA_IRQHandler
 .text.HAL_DMA_GetError
                0x000000000800689c       0x18 ./Drivers/STM32H7xx_HAL_Driver/Src/stm32h7xx_hal_dma.o
                0x000000000800689c                HAL_DMA_GetError
 .text.DMA_SetConfig
                0x00000000080068b4      0x3c8 ./Drivers/STM32H7xx_HAL_Driver/Src/stm32h7xx_hal_dma.o
 .text.DMA_CalcBaseAndBitshift
                0x0000000008006c7c      0x164 ./Drivers/STM32H7xx_HAL_Driver/Src/stm32h7xx_hal_dma.o
 .text.DMA_CheckFifoParam
                0x0000000008006de0       0xf8 ./Drivers/STM32H7xx_HAL_Driver/Src/stm32h7xx_hal_dma.o
 .text.DMA_CalcDMAMUXChannelBaseAndMask
                0x0000000008006ed8      0x134 ./Drivers/STM32H7xx_HAL_Driver/Src/stm32h7xx_hal_dma.o
 .text.DMA_CalcDMAMUXRequestGenBaseAndMask
                0x000000000800700c       0xe8 ./Drivers/STM32H7xx_HAL_Driver/Src/stm32h7xx_hal_dma.o
 .text.HAL_GPIO_Init
                0x00000000080070f4      0x360 ./Drivers/STM32H7xx_HAL_Driver/Src/stm32h7xx_hal_gpio.o
                0x00000000080070f4                HAL_GPIO_Init
 .text.HAL_GPIO_ReadPin
                0x0000000008007454       0x30 ./Drivers/STM32H7xx_HAL_Driver/Src/stm32h7xx_hal_gpio.o
                0x0000000008007454                HAL_GPIO_ReadPin
 .text.HAL_GPIO_WritePin
                0x0000000008007484       0x32 ./Drivers/STM32H7xx_HAL_Driver/Src/stm32h7xx_hal_gpio.o
                0x0000000008007484                HAL_GPIO_WritePin
 .text.HAL_GPIO_TogglePin
                0x00000000080074b6       0x34 ./Drivers/STM32H7xx_HAL_Driver/Src/stm32h7xx_hal_gpio.o
                0x00000000080074b6                HAL_GPIO_TogglePin
 *fill*         0x00000000080074ea        0x2 
 .text.HAL_PWREx_ConfigSupply
                0x00000000080074ec       0xb4 ./Drivers/STM32H7xx_HAL_Driver/Src/stm32h7xx_hal_pwr_ex.o
                0x00000000080074ec                HAL_PWREx_ConfigSupply
 .text.HAL_RCC_OscConfig
                0x00000000080075a0      0x808 ./Drivers/STM32H7xx_HAL_Driver/Src/stm32h7xx_hal_rcc.o
                0x00000000080075a0                HAL_RCC_OscConfig
 .text.HAL_RCC_ClockConfig
                0x0000000008007da8      0x36c ./Drivers/STM32H7xx_HAL_Driver/Src/stm32h7xx_hal_rcc.o
                0x0000000008007da8                HAL_RCC_ClockConfig
 .text.HAL_RCC_GetSysClockFreq
                0x0000000008008114      0x2f4 ./Drivers/STM32H7xx_HAL_Driver/Src/stm32h7xx_hal_rcc.o
                0x0000000008008114                HAL_RCC_GetSysClockFreq
 .text.HAL_RCC_GetHCLKFreq
                0x0000000008008408       0x60 ./Drivers/STM32H7xx_HAL_Driver/Src/stm32h7xx_hal_rcc.o
                0x0000000008008408                HAL_RCC_GetHCLKFreq
 .text.HAL_RCC_GetPCLK1Freq
                0x0000000008008468       0x2c ./Drivers/STM32H7xx_HAL_Driver/Src/stm32h7xx_hal_rcc.o
                0x0000000008008468                HAL_RCC_GetPCLK1Freq
 .text.HAL_RCC_GetPCLK2Freq
                0x0000000008008494       0x2c ./Drivers/STM32H7xx_HAL_Driver/Src/stm32h7xx_hal_rcc.o
                0x0000000008008494                HAL_RCC_GetPCLK2Freq
 .text.HAL_RCC_GetClockConfig
                0x00000000080084c0       0x84 ./Drivers/STM32H7xx_HAL_Driver/Src/stm32h7xx_hal_rcc.o
                0x00000000080084c0                HAL_RCC_GetClockConfig
 .text.HAL_RCCEx_PeriphCLKConfig
                0x0000000008008544      0xe18 ./Drivers/STM32H7xx_HAL_Driver/Src/stm32h7xx_hal_rcc_ex.o
                0x0000000008008544                HAL_RCCEx_PeriphCLKConfig
 .text.HAL_RCCEx_GetPeriphCLKFreq
                0x000000000800935c      0x85c ./Drivers/STM32H7xx_HAL_Driver/Src/stm32h7xx_hal_rcc_ex.o
                0x000000000800935c                HAL_RCCEx_GetPeriphCLKFreq
 .text.HAL_RCCEx_GetD3PCLK1Freq
                0x0000000008009bb8       0x2c ./Drivers/STM32H7xx_HAL_Driver/Src/stm32h7xx_hal_rcc_ex.o
                0x0000000008009bb8                HAL_RCCEx_GetD3PCLK1Freq
 .text.HAL_RCCEx_GetPLL2ClockFreq
                0x0000000008009be4      0x2a8 ./Drivers/STM32H7xx_HAL_Driver/Src/stm32h7xx_hal_rcc_ex.o
                0x0000000008009be4                HAL_RCCEx_GetPLL2ClockFreq
 .text.HAL_RCCEx_GetPLL3ClockFreq
                0x0000000008009e8c      0x2a8 ./Drivers/STM32H7xx_HAL_Driver/Src/stm32h7xx_hal_rcc_ex.o
                0x0000000008009e8c                HAL_RCCEx_GetPLL3ClockFreq
 .text.HAL_RCCEx_GetPLL1ClockFreq
                0x000000000800a134      0x2a4 ./Drivers/STM32H7xx_HAL_Driver/Src/stm32h7xx_hal_rcc_ex.o
                0x000000000800a134                HAL_RCCEx_GetPLL1ClockFreq
 .text.RCCEx_PLL2_Config
                0x000000000800a3d8      0x164 ./Drivers/STM32H7xx_HAL_Driver/Src/stm32h7xx_hal_rcc_ex.o
 .text.RCCEx_PLL3_Config
                0x000000000800a53c      0x164 ./Drivers/STM32H7xx_HAL_Driver/Src/stm32h7xx_hal_rcc_ex.o
 .text.HAL_SPI_Init
                0x000000000800a6a0      0x20c ./Drivers/STM32H7xx_HAL_Driver/Src/stm32h7xx_hal_spi.o
                0x000000000800a6a0                HAL_SPI_Init
 .text.HAL_SPI_Transmit
                0x000000000800a8ac      0x3e4 ./Drivers/STM32H7xx_HAL_Driver/Src/stm32h7xx_hal_spi.o
                0x000000000800a8ac                HAL_SPI_Transmit
 .text.HAL_SPI_Receive_DMA
                0x000000000800ac90      0x2b8 ./Drivers/STM32H7xx_HAL_Driver/Src/stm32h7xx_hal_spi.o
                0x000000000800ac90                HAL_SPI_Receive_DMA
 .text.HAL_SPI_TransmitReceive_DMA
                0x000000000800af48      0x3ac ./Drivers/STM32H7xx_HAL_Driver/Src/stm32h7xx_hal_spi.o
                0x000000000800af48                HAL_SPI_TransmitReceive_DMA
 .text.HAL_SPI_TxRxCpltCallback
                0x000000000800b2f4       0x14 ./Drivers/STM32H7xx_HAL_Driver/Src/stm32h7xx_hal_spi.o
                0x000000000800b2f4                HAL_SPI_TxRxCpltCallback
 .text.HAL_SPI_RxHalfCpltCallback
                0x000000000800b308       0x14 ./Drivers/STM32H7xx_HAL_Driver/Src/stm32h7xx_hal_spi.o
                0x000000000800b308                HAL_SPI_RxHalfCpltCallback
 .text.HAL_SPI_TxRxHalfCpltCallback
                0x000000000800b31c       0x14 ./Drivers/STM32H7xx_HAL_Driver/Src/stm32h7xx_hal_spi.o
                0x000000000800b31c                HAL_SPI_TxRxHalfCpltCallback
 .text.HAL_SPI_ErrorCallback
                0x000000000800b330       0x14 ./Drivers/STM32H7xx_HAL_Driver/Src/stm32h7xx_hal_spi.o
                0x000000000800b330                HAL_SPI_ErrorCallback
 .text.SPI_DMAReceiveCplt
                0x000000000800b344       0x46 ./Drivers/STM32H7xx_HAL_Driver/Src/stm32h7xx_hal_spi.o
 .text.SPI_DMATransmitReceiveCplt
                0x000000000800b38a       0x46 ./Drivers/STM32H7xx_HAL_Driver/Src/stm32h7xx_hal_spi.o
 .text.SPI_DMAHalfReceiveCplt
                0x000000000800b3d0       0x1c ./Drivers/STM32H7xx_HAL_Driver/Src/stm32h7xx_hal_spi.o
 .text.SPI_DMAHalfTransmitReceiveCplt
                0x000000000800b3ec       0x1c ./Drivers/STM32H7xx_HAL_Driver/Src/stm32h7xx_hal_spi.o
 .text.SPI_DMAError
                0x000000000800b408       0x46 ./Drivers/STM32H7xx_HAL_Driver/Src/stm32h7xx_hal_spi.o
 *fill*         0x000000000800b44e        0x2 
 .text.SPI_CloseTransfer
                0x000000000800b450      0x140 ./Drivers/STM32H7xx_HAL_Driver/Src/stm32h7xx_hal_spi.o
 .text.SPI_WaitOnFlagUntilTimeout
                0x000000000800b590       0x5c ./Drivers/STM32H7xx_HAL_Driver/Src/stm32h7xx_hal_spi.o
 .text.SPI_GetPacketSize
                0x000000000800b5ec       0x36 ./Drivers/STM32H7xx_HAL_Driver/Src/stm32h7xx_hal_spi.o
 .text.HAL_TIM_Base_Init
                0x000000000800b622       0xae ./Drivers/STM32H7xx_HAL_Driver/Src/stm32h7xx_hal_tim.o
                0x000000000800b622                HAL_TIM_Base_Init
 .text.HAL_TIM_Base_Start_IT
                0x000000000800b6d0       0xf0 ./Drivers/STM32H7xx_HAL_Driver/Src/stm32h7xx_hal_tim.o
                0x000000000800b6d0                HAL_TIM_Base_Start_IT
 .text.HAL_TIM_PWM_Init
                0x000000000800b7c0       0xae ./Drivers/STM32H7xx_HAL_Driver/Src/stm32h7xx_hal_tim.o
                0x000000000800b7c0                HAL_TIM_PWM_Init
 .text.HAL_TIM_PWM_MspInit
                0x000000000800b86e       0x14 ./Drivers/STM32H7xx_HAL_Driver/Src/stm32h7xx_hal_tim.o
                0x000000000800b86e                HAL_TIM_PWM_MspInit
 *fill*         0x000000000800b882        0x2 
 .text.HAL_TIM_PWM_Start
                0x000000000800b884      0x21c ./Drivers/STM32H7xx_HAL_Driver/Src/stm32h7xx_hal_tim.o
                0x000000000800b884                HAL_TIM_PWM_Start
 .text.HAL_TIM_IRQHandler
                0x000000000800baa0      0x23e ./Drivers/STM32H7xx_HAL_Driver/Src/stm32h7xx_hal_tim.o
                0x000000000800baa0                HAL_TIM_IRQHandler
 *fill*         0x000000000800bcde        0x2 
 .text.HAL_TIM_PWM_ConfigChannel
                0x000000000800bce0      0x228 ./Drivers/STM32H7xx_HAL_Driver/Src/stm32h7xx_hal_tim.o
                0x000000000800bce0                HAL_TIM_PWM_ConfigChannel
 .text.HAL_TIM_ConfigClockSource
                0x000000000800bf08      0x1f0 ./Drivers/STM32H7xx_HAL_Driver/Src/stm32h7xx_hal_tim.o
                0x000000000800bf08                HAL_TIM_ConfigClockSource
 .text.HAL_TIM_OC_DelayElapsedCallback
                0x000000000800c0f8       0x14 ./Drivers/STM32H7xx_HAL_Driver/Src/stm32h7xx_hal_tim.o
                0x000000000800c0f8                HAL_TIM_OC_DelayElapsedCallback
 .text.HAL_TIM_IC_CaptureCallback
                0x000000000800c10c       0x14 ./Drivers/STM32H7xx_HAL_Driver/Src/stm32h7xx_hal_tim.o
                0x000000000800c10c                HAL_TIM_IC_CaptureCallback
 .text.HAL_TIM_PWM_PulseFinishedCallback
                0x000000000800c120       0x14 ./Drivers/STM32H7xx_HAL_Driver/Src/stm32h7xx_hal_tim.o
                0x000000000800c120                HAL_TIM_PWM_PulseFinishedCallback
 .text.HAL_TIM_TriggerCallback
                0x000000000800c134       0x14 ./Drivers/STM32H7xx_HAL_Driver/Src/stm32h7xx_hal_tim.o
                0x000000000800c134                HAL_TIM_TriggerCallback
 .text.TIM_Base_SetConfig
                0x000000000800c148      0x134 ./Drivers/STM32H7xx_HAL_Driver/Src/stm32h7xx_hal_tim.o
                0x000000000800c148                TIM_Base_SetConfig
 .text.TIM_OC1_SetConfig
                0x000000000800c27c      0x120 ./Drivers/STM32H7xx_HAL_Driver/Src/stm32h7xx_hal_tim.o
 .text.TIM_OC2_SetConfig
                0x000000000800c39c      0x114 ./Drivers/STM32H7xx_HAL_Driver/Src/stm32h7xx_hal_tim.o
                0x000000000800c39c                TIM_OC2_SetConfig
 .text.TIM_OC3_SetConfig
                0x000000000800c4b0      0x110 ./Drivers/STM32H7xx_HAL_Driver/Src/stm32h7xx_hal_tim.o
 .text.TIM_OC4_SetConfig
                0x000000000800c5c0       0xd4 ./Drivers/STM32H7xx_HAL_Driver/Src/stm32h7xx_hal_tim.o
 .text.TIM_OC5_SetConfig
                0x000000000800c694       0xc8 ./Drivers/STM32H7xx_HAL_Driver/Src/stm32h7xx_hal_tim.o
 .text.TIM_OC6_SetConfig
                0x000000000800c75c       0xcc ./Drivers/STM32H7xx_HAL_Driver/Src/stm32h7xx_hal_tim.o
 .text.TIM_TI1_ConfigInputStage
                0x000000000800c828       0x5e ./Drivers/STM32H7xx_HAL_Driver/Src/stm32h7xx_hal_tim.o
 .text.TIM_TI2_ConfigInputStage
                0x000000000800c886       0x60 ./Drivers/STM32H7xx_HAL_Driver/Src/stm32h7xx_hal_tim.o
 *fill*         0x000000000800c8e6        0x2 
 .text.TIM_ITRx_SetConfig
                0x000000000800c8e8       0x3c ./Drivers/STM32H7xx_HAL_Driver/Src/stm32h7xx_hal_tim.o
 .text.TIM_ETR_SetConfig
                0x000000000800c924       0x40 ./Drivers/STM32H7xx_HAL_Driver/Src/stm32h7xx_hal_tim.o
                0x000000000800c924                TIM_ETR_SetConfig
 .text.TIM_CCxChannelCmd
                0x000000000800c964       0x4a ./Drivers/STM32H7xx_HAL_Driver/Src/stm32h7xx_hal_tim.o
                0x000000000800c964                TIM_CCxChannelCmd
 *fill*         0x000000000800c9ae        0x2 
 .text.HAL_TIMEx_MasterConfigSynchronization
                0x000000000800c9b0      0x11c ./Drivers/STM32H7xx_HAL_Driver/Src/stm32h7xx_hal_tim_ex.o
                0x000000000800c9b0                HAL_TIMEx_MasterConfigSynchronization
 .text.HAL_TIMEx_CommutCallback
                0x000000000800cacc       0x14 ./Drivers/STM32H7xx_HAL_Driver/Src/stm32h7xx_hal_tim_ex.o
                0x000000000800cacc                HAL_TIMEx_CommutCallback
 .text.HAL_TIMEx_BreakCallback
                0x000000000800cae0       0x14 ./Drivers/STM32H7xx_HAL_Driver/Src/stm32h7xx_hal_tim_ex.o
                0x000000000800cae0                HAL_TIMEx_BreakCallback
 .text.HAL_TIMEx_Break2Callback
                0x000000000800caf4       0x14 ./Drivers/STM32H7xx_HAL_Driver/Src/stm32h7xx_hal_tim_ex.o
                0x000000000800caf4                HAL_TIMEx_Break2Callback
 .text.HAL_UART_Init
                0x000000000800cb08       0xa0 ./Drivers/STM32H7xx_HAL_Driver/Src/stm32h7xx_hal_uart.o
                0x000000000800cb08                HAL_UART_Init
 .text.HAL_UART_Transmit
                0x000000000800cba8      0x12c ./Drivers/STM32H7xx_HAL_Driver/Src/stm32h7xx_hal_uart.o
                0x000000000800cba8                HAL_UART_Transmit
 .text.HAL_UART_Receive_IT
                0x000000000800ccd4       0xac ./Drivers/STM32H7xx_HAL_Driver/Src/stm32h7xx_hal_uart.o
                0x000000000800ccd4                HAL_UART_Receive_IT
 .text.HAL_UART_IRQHandler
                0x000000000800cd80      0x73c ./Drivers/STM32H7xx_HAL_Driver/Src/stm32h7xx_hal_uart.o
                0x000000000800cd80                HAL_UART_IRQHandler
 .text.HAL_UART_TxCpltCallback
                0x000000000800d4bc       0x14 ./Drivers/STM32H7xx_HAL_Driver/Src/stm32h7xx_hal_uart.o
                0x000000000800d4bc                HAL_UART_TxCpltCallback
 .text.HAL_UART_ErrorCallback
                0x000000000800d4d0       0x14 ./Drivers/STM32H7xx_HAL_Driver/Src/stm32h7xx_hal_uart.o
                0x000000000800d4d0                HAL_UART_ErrorCallback
 .text.HAL_UARTEx_RxEventCallback
                0x000000000800d4e4       0x18 ./Drivers/STM32H7xx_HAL_Driver/Src/stm32h7xx_hal_uart.o
                0x000000000800d4e4                HAL_UARTEx_RxEventCallback
 .text.UART_SetConfig
                0x000000000800d4fc      0xcd8 ./Drivers/STM32H7xx_HAL_Driver/Src/stm32h7xx_hal_uart.o
                0x000000000800d4fc                UART_SetConfig
 .text.UART_AdvFeatureConfig
                0x000000000800e1d4      0x144 ./Drivers/STM32H7xx_HAL_Driver/Src/stm32h7xx_hal_uart.o
                0x000000000800e1d4                UART_AdvFeatureConfig
 .text.UART_CheckIdleState
                0x000000000800e318       0x96 ./Drivers/STM32H7xx_HAL_Driver/Src/stm32h7xx_hal_uart.o
                0x000000000800e318                UART_CheckIdleState
 .text.UART_WaitOnFlagUntilTimeout
                0x000000000800e3ae      0x190 ./Drivers/STM32H7xx_HAL_Driver/Src/stm32h7xx_hal_uart.o
                0x000000000800e3ae                UART_WaitOnFlagUntilTimeout
 *fill*         0x000000000800e53e        0x2 
 .text.UART_Start_Receive_IT
                0x000000000800e540      0x254 ./Drivers/STM32H7xx_HAL_Driver/Src/stm32h7xx_hal_uart.o
                0x000000000800e540                UART_Start_Receive_IT
 .text.UART_EndRxTransfer
                0x000000000800e794       0xcc ./Drivers/STM32H7xx_HAL_Driver/Src/stm32h7xx_hal_uart.o
 .text.UART_DMAAbortOnError
                0x000000000800e860       0x2c ./Drivers/STM32H7xx_HAL_Driver/Src/stm32h7xx_hal_uart.o
 .text.UART_EndTransmit_IT
                0x000000000800e88c       0x56 ./Drivers/STM32H7xx_HAL_Driver/Src/stm32h7xx_hal_uart.o
 .text.UART_RxISR_8BIT
                0x000000000800e8e2      0x160 ./Drivers/STM32H7xx_HAL_Driver/Src/stm32h7xx_hal_uart.o
 .text.UART_RxISR_16BIT
                0x000000000800ea42      0x160 ./Drivers/STM32H7xx_HAL_Driver/Src/stm32h7xx_hal_uart.o
 *fill*         0x000000000800eba2        0x2 
 .text.UART_RxISR_8BIT_FIFOEN
                0x000000000800eba4      0x2f8 ./Drivers/STM32H7xx_HAL_Driver/Src/stm32h7xx_hal_uart.o
 .text.UART_RxISR_16BIT_FIFOEN
                0x000000000800ee9c      0x300 ./Drivers/STM32H7xx_HAL_Driver/Src/stm32h7xx_hal_uart.o
 .text.HAL_UARTEx_WakeupCallback
                0x000000000800f19c       0x14 ./Drivers/STM32H7xx_HAL_Driver/Src/stm32h7xx_hal_uart_ex.o
                0x000000000800f19c                HAL_UARTEx_WakeupCallback
 .text.HAL_UARTEx_RxFifoFullCallback
                0x000000000800f1b0       0x14 ./Drivers/STM32H7xx_HAL_Driver/Src/stm32h7xx_hal_uart_ex.o
                0x000000000800f1b0                HAL_UARTEx_RxFifoFullCallback
 .text.HAL_UARTEx_TxFifoEmptyCallback
                0x000000000800f1c4       0x14 ./Drivers/STM32H7xx_HAL_Driver/Src/stm32h7xx_hal_uart_ex.o
                0x000000000800f1c4                HAL_UARTEx_TxFifoEmptyCallback
 .text.HAL_UARTEx_DisableFifoMode
                0x000000000800f1d8       0x72 ./Drivers/STM32H7xx_HAL_Driver/Src/stm32h7xx_hal_uart_ex.o
                0x000000000800f1d8                HAL_UARTEx_DisableFifoMode
 .text.HAL_UARTEx_SetTxFifoThreshold
                0x000000000800f24a       0x7c ./Drivers/STM32H7xx_HAL_Driver/Src/stm32h7xx_hal_uart_ex.o
                0x000000000800f24a                HAL_UARTEx_SetTxFifoThreshold
 .text.HAL_UARTEx_SetRxFifoThreshold
                0x000000000800f2c6       0x7c ./Drivers/STM32H7xx_HAL_Driver/Src/stm32h7xx_hal_uart_ex.o
                0x000000000800f2c6                HAL_UARTEx_SetRxFifoThreshold
 *fill*         0x000000000800f342        0x2 
 .text.UARTEx_SetNbDataToProcess
                0x000000000800f344       0x9c ./Drivers/STM32H7xx_HAL_Driver/Src/stm32h7xx_hal_uart_ex.o
 .text.vListInitialise
                0x000000000800f3e0       0x40 ./Middlewares/Third_Party/FreeRTOS/Source/list.o
                0x000000000800f3e0                vListInitialise
 .text.vListInitialiseItem
                0x000000000800f420       0x1a ./Middlewares/Third_Party/FreeRTOS/Source/list.o
                0x000000000800f420                vListInitialiseItem
 .text.vListInsertEnd
                0x000000000800f43a       0x48 ./Middlewares/Third_Party/FreeRTOS/Source/list.o
                0x000000000800f43a                vListInsertEnd
 .text.vListInsert
                0x000000000800f482       0x72 ./Middlewares/Third_Party/FreeRTOS/Source/list.o
                0x000000000800f482                vListInsert
 .text.uxListRemove
                0x000000000800f4f4       0x54 ./Middlewares/Third_Party/FreeRTOS/Source/list.o
                0x000000000800f4f4                uxListRemove
 .text.xQueueGenericReset
                0x000000000800f548       0xd0 ./Middlewares/Third_Party/FreeRTOS/Source/queue.o
                0x000000000800f548                xQueueGenericReset
 .text.xQueueGenericCreate
                0x000000000800f618       0x74 ./Middlewares/Third_Party/FreeRTOS/Source/queue.o
                0x000000000800f618                xQueueGenericCreate
 .text.prvInitialiseNewQueue
                0x000000000800f68c       0x3e ./Middlewares/Third_Party/FreeRTOS/Source/queue.o
 *fill*         0x000000000800f6ca        0x2 
 .text.xQueueGenericSend
                0x000000000800f6cc      0x1fc ./Middlewares/Third_Party/FreeRTOS/Source/queue.o
                0x000000000800f6cc                xQueueGenericSend
 .text.xQueueGenericSendFromISR
                0x000000000800f8c8      0x136 ./Middlewares/Third_Party/FreeRTOS/Source/queue.o
                0x000000000800f8c8                xQueueGenericSendFromISR
 .text.xQueueGiveFromISR
                0x000000000800f9fe      0x11a ./Middlewares/Third_Party/FreeRTOS/Source/queue.o
                0x000000000800f9fe                xQueueGiveFromISR
 .text.xQueueReceive
                0x000000000800fb18      0x1c0 ./Middlewares/Third_Party/FreeRTOS/Source/queue.o
                0x000000000800fb18                xQueueReceive
 .text.xQueueSemaphoreTake
                0x000000000800fcd8      0x218 ./Middlewares/Third_Party/FreeRTOS/Source/queue.o
                0x000000000800fcd8                xQueueSemaphoreTake
 .text.prvGetDisinheritPriorityAfterTimeout
                0x000000000800fef0       0x30 ./Middlewares/Third_Party/FreeRTOS/Source/queue.o
 .text.prvCopyDataToQueue
                0x000000000800ff20       0xd4 ./Middlewares/Third_Party/FreeRTOS/Source/queue.o
 .text.prvCopyDataFromQueue
                0x000000000800fff4       0x4c ./Middlewares/Third_Party/FreeRTOS/Source/queue.o
 .text.prvUnlockQueue
                0x0000000008010040       0xa4 ./Middlewares/Third_Party/FreeRTOS/Source/queue.o
 .text.prvIsQueueEmpty
                0x00000000080100e4       0x2c ./Middlewares/Third_Party/FreeRTOS/Source/queue.o
 .text.prvIsQueueFull
                0x0000000008010110       0x30 ./Middlewares/Third_Party/FreeRTOS/Source/queue.o
 .text.xTaskCreateStatic
                0x0000000008010140       0xba ./Middlewares/Third_Party/FreeRTOS/Source/tasks.o
                0x0000000008010140                xTaskCreateStatic
 .text.xTaskCreate
                0x00000000080101fa       0x8a ./Middlewares/Third_Party/FreeRTOS/Source/tasks.o
                0x00000000080101fa                xTaskCreate
 .text.prvInitialiseNewTask
                0x0000000008010284      0x10e ./Middlewares/Third_Party/FreeRTOS/Source/tasks.o
 *fill*         0x0000000008010392        0x2 
 .text.prvAddNewTaskToReadyList
                0x0000000008010394       0xd4 ./Middlewares/Third_Party/FreeRTOS/Source/tasks.o
 .text.vTaskDelay
                0x0000000008010468       0x68 ./Middlewares/Third_Party/FreeRTOS/Source/tasks.o
                0x0000000008010468                vTaskDelay
 .text.vTaskStartScheduler
                0x00000000080104d0       0xc0 ./Middlewares/Third_Party/FreeRTOS/Source/tasks.o
                0x00000000080104d0                vTaskStartScheduler
 .text.vTaskSuspendAll
                0x0000000008010590       0x1c ./Middlewares/Third_Party/FreeRTOS/Source/tasks.o
                0x0000000008010590                vTaskSuspendAll
 .text.xTaskResumeAll
                0x00000000080105ac      0x138 ./Middlewares/Third_Party/FreeRTOS/Source/tasks.o
                0x00000000080105ac                xTaskResumeAll
 .text.xTaskIncrementTick
                0x00000000080106e4      0x170 ./Middlewares/Third_Party/FreeRTOS/Source/tasks.o
                0x00000000080106e4                xTaskIncrementTick
 .text.vTaskSwitchContext
                0x0000000008010854       0xb8 ./Middlewares/Third_Party/FreeRTOS/Source/tasks.o
                0x0000000008010854                vTaskSwitchContext
 .text.vTaskPlaceOnEventList
                0x000000000801090c       0x48 ./Middlewares/Third_Party/FreeRTOS/Source/tasks.o
                0x000000000801090c                vTaskPlaceOnEventList
 .text.xTaskRemoveFromEventList
                0x0000000008010954       0xc4 ./Middlewares/Third_Party/FreeRTOS/Source/tasks.o
                0x0000000008010954                xTaskRemoveFromEventList
 .text.vTaskInternalSetTimeOutState
                0x0000000008010a18       0x2c ./Middlewares/Third_Party/FreeRTOS/Source/tasks.o
                0x0000000008010a18                vTaskInternalSetTimeOutState
 .text.xTaskCheckForTimeOut
                0x0000000008010a44       0xc4 ./Middlewares/Third_Party/FreeRTOS/Source/tasks.o
                0x0000000008010a44                xTaskCheckForTimeOut
 .text.vTaskMissedYield
                0x0000000008010b08       0x18 ./Middlewares/Third_Party/FreeRTOS/Source/tasks.o
                0x0000000008010b08                vTaskMissedYield
 .text.prvIdleTask
                0x0000000008010b20       0x30 ./Middlewares/Third_Party/FreeRTOS/Source/tasks.o
 .text.prvInitialiseTaskLists
                0x0000000008010b50       0x80 ./Middlewares/Third_Party/FreeRTOS/Source/tasks.o
 .text.prvCheckTasksWaitingTermination
                0x0000000008010bd0       0x5c ./Middlewares/Third_Party/FreeRTOS/Source/tasks.o
 .text.prvDeleteTCB
                0x0000000008010c2c       0x5e ./Middlewares/Third_Party/FreeRTOS/Source/tasks.o
 *fill*         0x0000000008010c8a        0x2 
 .text.prvResetNextTaskUnblockTime
                0x0000000008010c8c       0x40 ./Middlewares/Third_Party/FreeRTOS/Source/tasks.o
 .text.xTaskGetSchedulerState
                0x0000000008010ccc       0x3c ./Middlewares/Third_Party/FreeRTOS/Source/tasks.o
                0x0000000008010ccc                xTaskGetSchedulerState
 .text.xTaskPriorityInherit
                0x0000000008010d08       0xec ./Middlewares/Third_Party/FreeRTOS/Source/tasks.o
                0x0000000008010d08                xTaskPriorityInherit
 .text.xTaskPriorityDisinherit
                0x0000000008010df4      0x10c ./Middlewares/Third_Party/FreeRTOS/Source/tasks.o
                0x0000000008010df4                xTaskPriorityDisinherit
 .text.vTaskPriorityDisinheritAfterTimeout
                0x0000000008010f00      0x11c ./Middlewares/Third_Party/FreeRTOS/Source/tasks.o
                0x0000000008010f00                vTaskPriorityDisinheritAfterTimeout
 .text.pvTaskIncrementMutexHeldCount
                0x000000000801101c       0x28 ./Middlewares/Third_Party/FreeRTOS/Source/tasks.o
                0x000000000801101c                pvTaskIncrementMutexHeldCount
 .text.prvAddCurrentTaskToDelayedList
                0x0000000008011044       0xcc ./Middlewares/Third_Party/FreeRTOS/Source/tasks.o
 .text.pxPortInitialiseStack
                0x0000000008011110       0x68 ./Middlewares/Third_Party/FreeRTOS/Source/portable/GCC/ARM_CM4F/port.o
                0x0000000008011110                pxPortInitialiseStack
 .text.prvTaskExitError
                0x0000000008011178       0x58 ./Middlewares/Third_Party/FreeRTOS/Source/portable/GCC/ARM_CM4F/port.o
 .text.SVC_Handler
                0x00000000080111d0       0x28 ./Middlewares/Third_Party/FreeRTOS/Source/portable/GCC/ARM_CM4F/port.o
                0x00000000080111d0                SVC_Handler
 .text.prvPortStartFirstTask
                0x00000000080111f8       0x28 ./Middlewares/Third_Party/FreeRTOS/Source/portable/GCC/ARM_CM4F/port.o
 .text.xPortStartScheduler
                0x0000000008011220      0x144 ./Middlewares/Third_Party/FreeRTOS/Source/portable/GCC/ARM_CM4F/port.o
                0x0000000008011220                xPortStartScheduler
 .text.vPortEnterCritical
                0x0000000008011364       0x60 ./Middlewares/Third_Party/FreeRTOS/Source/portable/GCC/ARM_CM4F/port.o
                0x0000000008011364                vPortEnterCritical
 .text.vPortExitCritical
                0x00000000080113c4       0x54 ./Middlewares/Third_Party/FreeRTOS/Source/portable/GCC/ARM_CM4F/port.o
                0x00000000080113c4                vPortExitCritical
 *fill*         0x0000000008011418        0x8 
 .text.PendSV_Handler
                0x0000000008011420       0x68 ./Middlewares/Third_Party/FreeRTOS/Source/portable/GCC/ARM_CM4F/port.o
                0x0000000008011420                PendSV_Handler
 .text.SysTick_Handler
                0x0000000008011488       0x44 ./Middlewares/Third_Party/FreeRTOS/Source/portable/GCC/ARM_CM4F/port.o
                0x0000000008011488                SysTick_Handler
 .text.vPortSetupTimerInterrupt
                0x00000000080114cc       0x48 ./Middlewares/Third_Party/FreeRTOS/Source/portable/GCC/ARM_CM4F/port.o
                0x00000000080114cc                vPortSetupTimerInterrupt
 .text.vPortEnableVFP
                0x0000000008011514       0x14 ./Middlewares/Third_Party/FreeRTOS/Source/portable/GCC/ARM_CM4F/port.o
 .text.vPortValidateInterruptPriority
                0x0000000008011528       0x80 ./Middlewares/Third_Party/FreeRTOS/Source/portable/GCC/ARM_CM4F/port.o
                0x0000000008011528                vPortValidateInterruptPriority
 .text.pvPortMalloc
                0x00000000080115a8      0x198 ./Middlewares/Third_Party/FreeRTOS/Source/portable/MemMang/heap_4.o
                0x00000000080115a8                pvPortMalloc
 .text.vPortFree
                0x0000000008011740       0xc4 ./Middlewares/Third_Party/FreeRTOS/Source/portable/MemMang/heap_4.o
                0x0000000008011740                vPortFree
 .text.prvHeapInit
                0x0000000008011804       0xc4 ./Middlewares/Third_Party/FreeRTOS/Source/portable/MemMang/heap_4.o
 .text.prvInsertBlockIntoFreeList
                0x00000000080118c8       0xb4 ./Middlewares/Third_Party/FreeRTOS/Source/portable/MemMang/heap_4.o
 .text.atoi     0x000000000801197c        0x8 /opt/st/stm32cubeide_1.9.0/plugins/com.st.stm32cube.ide.mcu.externaltools.gnu-tools-for-stm32.10.3-2021.10.linux64_1.0.0.202111181127/tools/bin/../lib/gcc/arm-none-eabi/10.3.1/../../../../arm-none-eabi/lib/thumb/v7e-m+dp/hard/libc_nano.a(lib_a-atoi.o)
                0x000000000801197c                atoi
 .text.__errno  0x0000000008011984        0xc /opt/st/stm32cubeide_1.9.0/plugins/com.st.stm32cube.ide.mcu.externaltools.gnu-tools-for-stm32.10.3-2021.10.linux64_1.0.0.202111181127/tools/bin/../lib/gcc/arm-none-eabi/10.3.1/../../../../arm-none-eabi/lib/thumb/v7e-m+dp/hard/libc_nano.a(lib_a-errno.o)
                0x0000000008011984                __errno
 .text.__libc_init_array
                0x0000000008011990       0x48 /opt/st/stm32cubeide_1.9.0/plugins/com.st.stm32cube.ide.mcu.externaltools.gnu-tools-for-stm32.10.3-2021.10.linux64_1.0.0.202111181127/tools/bin/../lib/gcc/arm-none-eabi/10.3.1/../../../../arm-none-eabi/lib/thumb/v7e-m+dp/hard/libc_nano.a(lib_a-init.o)
                0x0000000008011990                __libc_init_array
 .text.memcpy   0x00000000080119d8       0x1c /opt/st/stm32cubeide_1.9.0/plugins/com.st.stm32cube.ide.mcu.externaltools.gnu-tools-for-stm32.10.3-2021.10.linux64_1.0.0.202111181127/tools/bin/../lib/gcc/arm-none-eabi/10.3.1/../../../../arm-none-eabi/lib/thumb/v7e-m+dp/hard/libc_nano.a(lib_a-memcpy-stub.o)
                0x00000000080119d8                memcpy
 .text.memset   0x00000000080119f4       0x10 /opt/st/stm32cubeide_1.9.0/plugins/com.st.stm32cube.ide.mcu.externaltools.gnu-tools-for-stm32.10.3-2021.10.linux64_1.0.0.202111181127/tools/bin/../lib/gcc/arm-none-eabi/10.3.1/../../../../arm-none-eabi/lib/thumb/v7e-m+dp/hard/libc_nano.a(lib_a-memset.o)
                0x00000000080119f4                memset
 .text._strtol_l.constprop.0
                0x0000000008011a04      0x104 /opt/st/stm32cubeide_1.9.0/plugins/com.st.stm32cube.ide.mcu.externaltools.gnu-tools-for-stm32.10.3-2021.10.linux64_1.0.0.202111181127/tools/bin/../lib/gcc/arm-none-eabi/10.3.1/../../../../arm-none-eabi/lib/thumb/v7e-m+dp/hard/libc_nano.a(lib_a-strtol.o)
 .text.strtol   0x0000000008011b08       0x14 /opt/st/stm32cubeide_1.9.0/plugins/com.st.stm32cube.ide.mcu.externaltools.gnu-tools-for-stm32.10.3-2021.10.linux64_1.0.0.202111181127/tools/bin/../lib/gcc/arm-none-eabi/10.3.1/../../../../arm-none-eabi/lib/thumb/v7e-m+dp/hard/libc_nano.a(lib_a-strtol.o)
                0x0000000008011b08                strtol
 .text.round    0x0000000008011b1c       0x8c /opt/st/stm32cubeide_1.9.0/plugins/com.st.stm32cube.ide.mcu.externaltools.gnu-tools-for-stm32.10.3-2021.10.linux64_1.0.0.202111181127/tools/bin/../lib/gcc/arm-none-eabi/10.3.1/../../../../arm-none-eabi/lib/thumb/v7e-m+dp/hard/libm.a(lib_a-s_round.o)
                0x0000000008011b1c                round
 *(.glue_7)
 .glue_7        0x0000000008011ba8        0x0 linker stubs
 *(.glue_7t)
 .glue_7t       0x0000000008011ba8        0x0 linker stubs
 *(.eh_frame)
 .eh_frame      0x0000000008011ba8        0x0 /opt/st/stm32cubeide_1.9.0/plugins/com.st.stm32cube.ide.mcu.externaltools.gnu-tools-for-stm32.10.3-2021.10.linux64_1.0.0.202111181127/tools/bin/../lib/gcc/arm-none-eabi/10.3.1/thumb/v7e-m+dp/hard/crtbegin.o
 *(.init)
 .init          0x0000000008011ba8        0x4 /opt/st/stm32cubeide_1.9.0/plugins/com.st.stm32cube.ide.mcu.externaltools.gnu-tools-for-stm32.10.3-2021.10.linux64_1.0.0.202111181127/tools/bin/../lib/gcc/arm-none-eabi/10.3.1/thumb/v7e-m+dp/hard/crti.o
                0x0000000008011ba8                _init
 .init          0x0000000008011bac        0x8 /opt/st/stm32cubeide_1.9.0/plugins/com.st.stm32cube.ide.mcu.externaltools.gnu-tools-for-stm32.10.3-2021.10.linux64_1.0.0.202111181127/tools/bin/../lib/gcc/arm-none-eabi/10.3.1/thumb/v7e-m+dp/hard/crtn.o
 *(.fini)
 .fini          0x0000000008011bb4        0x4 /opt/st/stm32cubeide_1.9.0/plugins/com.st.stm32cube.ide.mcu.externaltools.gnu-tools-for-stm32.10.3-2021.10.linux64_1.0.0.202111181127/tools/bin/../lib/gcc/arm-none-eabi/10.3.1/thumb/v7e-m+dp/hard/crti.o
                0x0000000008011bb4                _fini
 .fini          0x0000000008011bb8        0x8 /opt/st/stm32cubeide_1.9.0/plugins/com.st.stm32cube.ide.mcu.externaltools.gnu-tools-for-stm32.10.3-2021.10.linux64_1.0.0.202111181127/tools/bin/../lib/gcc/arm-none-eabi/10.3.1/thumb/v7e-m+dp/hard/crtn.o
                0x0000000008011bc0                . = ALIGN (0x4)
                0x0000000008011bc0                _etext = .

.vfp11_veneer   0x0000000008011bc0        0x0
 .vfp11_veneer  0x0000000008011bc0        0x0 linker stubs

.v4_bx          0x0000000008011bc0        0x0
 .v4_bx         0x0000000008011bc0        0x0 linker stubs

.iplt           0x0000000008011bc0        0x0
 .iplt          0x0000000008011bc0        0x0 /opt/st/stm32cubeide_1.9.0/plugins/com.st.stm32cube.ide.mcu.externaltools.gnu-tools-for-stm32.10.3-2021.10.linux64_1.0.0.202111181127/tools/bin/../lib/gcc/arm-none-eabi/10.3.1/thumb/v7e-m+dp/hard/crtbegin.o

.rodata         0x0000000008011bc0      0x1d0
                0x0000000008011bc0                . = ALIGN (0x4)
 *(.rodata)
 .rodata        0x0000000008011bc0       0x5b ./Core/Src/main.o
 *fill*         0x0000000008011c1b        0x1 
 .rodata        0x0000000008011c1c        0x5 ./Middlewares/Third_Party/FreeRTOS/Source/tasks.o
 *(.rodata*)
 *fill*         0x0000000008011c21        0x3 
 .rodata.GCONF  0x0000000008011c24        0x5 ./Core/Src/main.o
                0x0000000008011c24                GCONF
 *fill*         0x0000000008011c29        0x3 
 .rodata.IHOLD_IRUN
                0x0000000008011c2c        0x5 ./Core/Src/main.o
                0x0000000008011c2c                IHOLD_IRUN
 *fill*         0x0000000008011c31        0x3 
 .rodata.TPOWERDOWN
                0x0000000008011c34        0x5 ./Core/Src/main.o
                0x0000000008011c34                TPOWERDOWN
 *fill*         0x0000000008011c39        0x3 
 .rodata.CHOPCONF
                0x0000000008011c3c        0x5 ./Core/Src/main.o
                0x0000000008011c3c                CHOPCONF
 *fill*         0x0000000008011c41        0x3 
 .rodata.COOLCONF
                0x0000000008011c44        0x5 ./Core/Src/main.o
                0x0000000008011c44                COOLCONF
 *fill*         0x0000000008011c49        0x3 
 .rodata.D1CorePrescTable
                0x0000000008011c4c       0x10 ./Core/Src/system_stm32h7xx.o
                0x0000000008011c4c                D1CorePrescTable
 .rodata.flagBitshiftOffset.0
                0x0000000008011c5c        0x8 ./Drivers/STM32H7xx_HAL_Driver/Src/stm32h7xx_hal_dma.o
 .rodata.UARTPrescTable
                0x0000000008011c64       0x18 ./Drivers/STM32H7xx_HAL_Driver/Src/stm32h7xx_hal_uart.o
                0x0000000008011c64                UARTPrescTable
 .rodata.numerator.1
                0x0000000008011c7c        0x8 ./Drivers/STM32H7xx_HAL_Driver/Src/stm32h7xx_hal_uart_ex.o
 .rodata.denominator.0
                0x0000000008011c84        0x8 ./Drivers/STM32H7xx_HAL_Driver/Src/stm32h7xx_hal_uart_ex.o
 .rodata._ctype_
                0x0000000008011c8c      0x101 /opt/st/stm32cubeide_1.9.0/plugins/com.st.stm32cube.ide.mcu.externaltools.gnu-tools-for-stm32.10.3-2021.10.linux64_1.0.0.202111181127/tools/bin/../lib/gcc/arm-none-eabi/10.3.1/../../../../arm-none-eabi/lib/thumb/v7e-m+dp/hard/libc_nano.a(lib_a-ctype_.o)
                0x0000000008011c8c                _ctype_
                0x0000000008011d90                . = ALIGN (0x4)
 *fill*         0x0000000008011d8d        0x3 

.ARM.extab
 *(.ARM.extab* .gnu.linkonce.armextab.*)

.ARM            0x0000000008011d90        0x8
                0x0000000008011d90                __exidx_start = .
 *(.ARM.exidx*)
 .ARM.exidx     0x0000000008011d90        0x8 /opt/st/stm32cubeide_1.9.0/plugins/com.st.stm32cube.ide.mcu.externaltools.gnu-tools-for-stm32.10.3-2021.10.linux64_1.0.0.202111181127/tools/bin/../lib/gcc/arm-none-eabi/10.3.1/thumb/v7e-m+dp/hard/libgcc.a(_udivmoddi4.o)
                0x0000000008011d98                __exidx_end = .

.rel.dyn        0x0000000008011d98        0x0
 .rel.iplt      0x0000000008011d98        0x0 /opt/st/stm32cubeide_1.9.0/plugins/com.st.stm32cube.ide.mcu.externaltools.gnu-tools-for-stm32.10.3-2021.10.linux64_1.0.0.202111181127/tools/bin/../lib/gcc/arm-none-eabi/10.3.1/thumb/v7e-m+dp/hard/crtbegin.o

.preinit_array  0x0000000008011d98        0x0
                0x0000000008011d98                PROVIDE (__preinit_array_start = .)
 *(.preinit_array*)
                0x0000000008011d98                PROVIDE (__preinit_array_end = .)

.init_array     0x0000000008011d98        0x4
                0x0000000008011d98                PROVIDE (__init_array_start = .)
 *(SORT_BY_NAME(.init_array.*))
 *(.init_array*)
 .init_array    0x0000000008011d98        0x4 /opt/st/stm32cubeide_1.9.0/plugins/com.st.stm32cube.ide.mcu.externaltools.gnu-tools-for-stm32.10.3-2021.10.linux64_1.0.0.202111181127/tools/bin/../lib/gcc/arm-none-eabi/10.3.1/thumb/v7e-m+dp/hard/crtbegin.o
                0x0000000008011d9c                PROVIDE (__init_array_end = .)

.fini_array     0x0000000008011d9c        0x4
                [!provide]                        PROVIDE (__fini_array_start = .)
 *(SORT_BY_NAME(.fini_array.*))
 *(.fini_array*)
 .fini_array    0x0000000008011d9c        0x4 /opt/st/stm32cubeide_1.9.0/plugins/com.st.stm32cube.ide.mcu.externaltools.gnu-tools-for-stm32.10.3-2021.10.linux64_1.0.0.202111181127/tools/bin/../lib/gcc/arm-none-eabi/10.3.1/thumb/v7e-m+dp/hard/crtbegin.o
                [!provide]                        PROVIDE (__fini_array_end = .)
                0x0000000008011da0                _sidata = LOADADDR (.data)

.data           0x0000000024000000       0x7c load address 0x0000000008011da0
                0x0000000024000000                . = ALIGN (0x4)
                0x0000000024000000                _sdata = .
 *(.data)
 *(.data*)
 .data.dist     0x0000000024000000        0x2 ./Core/Src/main.o
                0x0000000024000000                dist
 .data.max_pos  0x0000000024000002        0x2 ./Core/Src/main.o
                0x0000000024000002                max_pos
 .data.SystemCoreClock
                0x0000000024000004        0x4 ./Core/Src/system_stm32h7xx.o
                0x0000000024000004                SystemCoreClock
 .data.SystemD2Clock
                0x0000000024000008        0x4 ./Core/Src/system_stm32h7xx.o
                0x0000000024000008                SystemD2Clock
 .data.uwTickPrio
                0x000000002400000c        0x4 ./Drivers/STM32H7xx_HAL_Driver/Src/stm32h7xx_hal.o
                0x000000002400000c                uwTickPrio
 .data.uwTickFreq
                0x0000000024000010        0x1 ./Drivers/STM32H7xx_HAL_Driver/Src/stm32h7xx_hal.o
                0x0000000024000010                uwTickFreq
 *fill*         0x0000000024000011        0x3 
 .data.uxCriticalNesting
                0x0000000024000014        0x4 ./Middlewares/Third_Party/FreeRTOS/Source/portable/GCC/ARM_CM4F/port.o
 .data._impure_ptr
                0x0000000024000018        0x4 /opt/st/stm32cubeide_1.9.0/plugins/com.st.stm32cube.ide.mcu.externaltools.gnu-tools-for-stm32.10.3-2021.10.linux64_1.0.0.202111181127/tools/bin/../lib/gcc/arm-none-eabi/10.3.1/../../../../arm-none-eabi/lib/thumb/v7e-m+dp/hard/libc_nano.a(lib_a-impure.o)
                0x0000000024000018                _impure_ptr
 .data.impure_data
                0x000000002400001c       0x60 /opt/st/stm32cubeide_1.9.0/plugins/com.st.stm32cube.ide.mcu.externaltools.gnu-tools-for-stm32.10.3-2021.10.linux64_1.0.0.202111181127/tools/bin/../lib/gcc/arm-none-eabi/10.3.1/../../../../arm-none-eabi/lib/thumb/v7e-m+dp/hard/libc_nano.a(lib_a-impure.o)
 *(.RamFunc)
 *(.RamFunc*)
                0x000000002400007c                . = ALIGN (0x4)
                0x000000002400007c                _edata = .

.igot.plt       0x000000002400007c        0x0 load address 0x0000000008011e1c
 .igot.plt      0x000000002400007c        0x0 /opt/st/stm32cubeide_1.9.0/plugins/com.st.stm32cube.ide.mcu.externaltools.gnu-tools-for-stm32.10.3-2021.10.linux64_1.0.0.202111181127/tools/bin/../lib/gcc/arm-none-eabi/10.3.1/thumb/v7e-m+dp/hard/crtbegin.o
                0x000000002400007c                . = ALIGN (0x4)

.bss            0x000000002400007c     0x43c4 load address 0x0000000008011e1c
                0x000000002400007c                _sbss = .
                0x000000002400007c                __bss_start__ = _sbss
 *(.bss)
 .bss           0x000000002400007c       0x1c /opt/st/stm32cubeide_1.9.0/plugins/com.st.stm32cube.ide.mcu.externaltools.gnu-tools-for-stm32.10.3-2021.10.linux64_1.0.0.202111181127/tools/bin/../lib/gcc/arm-none-eabi/10.3.1/thumb/v7e-m+dp/hard/crtbegin.o
 *(.bss*)
 .bss.xIdleTaskTCBBuffer
                0x0000000024000098       0x54 ./Core/Src/freertos.o
 .bss.xIdleStack
                0x00000000240000ec      0x200 ./Core/Src/freertos.o
 .bss.hadc1     0x00000000240002ec       0x64 ./Core/Src/main.o
                0x00000000240002ec                hadc1
 .bss.hspi1     0x0000000024000350       0x88 ./Core/Src/main.o
                0x0000000024000350                hspi1
 .bss.hspi2     0x00000000240003d8       0x88 ./Core/Src/main.o
                0x00000000240003d8                hspi2
 .bss.hdma_spi2_rx
                0x0000000024000460       0x78 ./Core/Src/main.o
                0x0000000024000460                hdma_spi2_rx
 .bss.htim2     0x00000000240004d8       0x4c ./Core/Src/main.o
                0x00000000240004d8                htim2
 .bss.htim3     0x0000000024000524       0x4c ./Core/Src/main.o
                0x0000000024000524                htim3
 .bss.htim5     0x0000000024000570       0x4c ./Core/Src/main.o
                0x0000000024000570                htim5
 .bss.huart3    0x00000000240005bc       0x90 ./Core/Src/main.o
                0x00000000240005bc                huart3
 .bss.DPPrxBuffer
                0x000000002400064c        0x2 ./Core/Src/main.o
                0x000000002400064c                DPPrxBuffer
 .bss.ADCBuffer
                0x000000002400064e        0x2 ./Core/Src/main.o
                0x000000002400064e                ADCBuffer
 .bss.AutoFocusEn
                0x0000000024000650        0x1 ./Core/Src/main.o
                0x0000000024000650                AutoFocusEn
 .bss.MtrStop   0x0000000024000651        0x1 ./Core/Src/main.o
                0x0000000024000651                MtrStop
 *fill*         0x0000000024000652        0x2 
 .bss.MotorCtrlXHandle
                0x0000000024000654        0x4 ./Core/Src/main.o
                0x0000000024000654                MotorCtrlXHandle
 .bss.MotorCtrlYHandle
                0x0000000024000658        0x4 ./Core/Src/main.o
                0x0000000024000658                MotorCtrlYHandle
 .bss.HeliumCtrlHandle
                0x000000002400065c        0x4 ./Core/Src/main.o
                0x000000002400065c                HeliumCtrlHandle
 .bss.UARTComHandle
                0x0000000024000660        0x4 ./Core/Src/main.o
                0x0000000024000660                UARTComHandle
 .bss.AutoFocusHandle
                0x0000000024000664        0x4 ./Core/Src/main.o
                0x0000000024000664                AutoFocusHandle
 .bss.UARTtxQueue
                0x0000000024000668        0x4 ./Core/Src/main.o
                0x0000000024000668                UARTtxQueue
 .bss.DPPrxQueue
                0x000000002400066c        0x4 ./Core/Src/main.o
                0x000000002400066c                DPPrxQueue
 .bss.MtrCtrlXrxQueue
                0x0000000024000670        0x4 ./Core/Src/main.o
                0x0000000024000670                MtrCtrlXrxQueue
 .bss.MtrCtrlYrxQueue
                0x0000000024000674        0x4 ./Core/Src/main.o
                0x0000000024000674                MtrCtrlYrxQueue
 .bss.HelCtrlrxQueue
                0x0000000024000678        0x4 ./Core/Src/main.o
                0x0000000024000678                HelCtrlrxQueue
 .bss.MotorPulseSem
                0x000000002400067c        0x4 ./Core/Src/main.o
                0x000000002400067c                MotorPulseSem
 .bss.AutoFocusSem
                0x0000000024000680        0x4 ./Core/Src/main.o
                0x0000000024000680                AutoFocusSem
 .bss.UARTComSem
                0x0000000024000684        0x4 ./Core/Src/main.o
                0x0000000024000684                UARTComSem
 .bss.AutoFocusPulseSem
                0x0000000024000688        0x4 ./Core/Src/main.o
                0x0000000024000688                AutoFocusPulseSem
 .bss.posX.3    0x000000002400068c        0x2 ./Core/Src/main.o
 *fill*         0x000000002400068e        0x2 
 .bss.dir.2     0x0000000024000690        0x4 ./Core/Src/main.o
 .bss.posY.1    0x0000000024000694        0x2 ./Core/Src/main.o
 *fill*         0x0000000024000696        0x2 
 .bss.dir.0     0x0000000024000698        0x4 ./Core/Src/main.o
 .bss.htim6     0x000000002400069c       0x4c ./Core/Src/stm32h7xx_hal_timebase_tim.o
                0x000000002400069c                htim6
 .bss.uwTick    0x00000000240006e8        0x4 ./Drivers/STM32H7xx_HAL_Driver/Src/stm32h7xx_hal.o
                0x00000000240006e8                uwTick
 .bss.pxCurrentTCB
                0x00000000240006ec        0x4 ./Middlewares/Third_Party/FreeRTOS/Source/tasks.o
                0x00000000240006ec                pxCurrentTCB
 .bss.pxReadyTasksLists
                0x00000000240006f0       0x8c ./Middlewares/Third_Party/FreeRTOS/Source/tasks.o
 .bss.xDelayedTaskList1
                0x000000002400077c       0x14 ./Middlewares/Third_Party/FreeRTOS/Source/tasks.o
 .bss.xDelayedTaskList2
                0x0000000024000790       0x14 ./Middlewares/Third_Party/FreeRTOS/Source/tasks.o
 .bss.pxDelayedTaskList
                0x00000000240007a4        0x4 ./Middlewares/Third_Party/FreeRTOS/Source/tasks.o
 .bss.pxOverflowDelayedTaskList
                0x00000000240007a8        0x4 ./Middlewares/Third_Party/FreeRTOS/Source/tasks.o
 .bss.xPendingReadyList
                0x00000000240007ac       0x14 ./Middlewares/Third_Party/FreeRTOS/Source/tasks.o
 .bss.xTasksWaitingTermination
                0x00000000240007c0       0x14 ./Middlewares/Third_Party/FreeRTOS/Source/tasks.o
 .bss.uxDeletedTasksWaitingCleanUp
                0x00000000240007d4        0x4 ./Middlewares/Third_Party/FreeRTOS/Source/tasks.o
 .bss.xSuspendedTaskList
                0x00000000240007d8       0x14 ./Middlewares/Third_Party/FreeRTOS/Source/tasks.o
 .bss.uxCurrentNumberOfTasks
                0x00000000240007ec        0x4 ./Middlewares/Third_Party/FreeRTOS/Source/tasks.o
 .bss.xTickCount
                0x00000000240007f0        0x4 ./Middlewares/Third_Party/FreeRTOS/Source/tasks.o
 .bss.uxTopReadyPriority
                0x00000000240007f4        0x4 ./Middlewares/Third_Party/FreeRTOS/Source/tasks.o
 .bss.xSchedulerRunning
                0x00000000240007f8        0x4 ./Middlewares/Third_Party/FreeRTOS/Source/tasks.o
 .bss.xPendedTicks
                0x00000000240007fc        0x4 ./Middlewares/Third_Party/FreeRTOS/Source/tasks.o
 .bss.xYieldPending
                0x0000000024000800        0x4 ./Middlewares/Third_Party/FreeRTOS/Source/tasks.o
 .bss.xNumOfOverflows
                0x0000000024000804        0x4 ./Middlewares/Third_Party/FreeRTOS/Source/tasks.o
 .bss.uxTaskNumber
                0x0000000024000808        0x4 ./Middlewares/Third_Party/FreeRTOS/Source/tasks.o
 .bss.xNextTaskUnblockTime
                0x000000002400080c        0x4 ./Middlewares/Third_Party/FreeRTOS/Source/tasks.o
 .bss.xIdleTaskHandle
                0x0000000024000810        0x4 ./Middlewares/Third_Party/FreeRTOS/Source/tasks.o
 .bss.uxSchedulerSuspended
                0x0000000024000814        0x4 ./Middlewares/Third_Party/FreeRTOS/Source/tasks.o
 .bss.ucMaxSysCallPriority
                0x0000000024000818        0x1 ./Middlewares/Third_Party/FreeRTOS/Source/portable/GCC/ARM_CM4F/port.o
 *fill*         0x0000000024000819        0x3 
 .bss.ulMaxPRIGROUPValue
                0x000000002400081c        0x4 ./Middlewares/Third_Party/FreeRTOS/Source/portable/GCC/ARM_CM4F/port.o
 .bss.ucHeap    0x0000000024000820     0x3c00 ./Middlewares/Third_Party/FreeRTOS/Source/portable/MemMang/heap_4.o
 .bss.xStart    0x0000000024004420        0x8 ./Middlewares/Third_Party/FreeRTOS/Source/portable/MemMang/heap_4.o
 .bss.pxEnd     0x0000000024004428        0x4 ./Middlewares/Third_Party/FreeRTOS/Source/portable/MemMang/heap_4.o
 .bss.xFreeBytesRemaining
                0x000000002400442c        0x4 ./Middlewares/Third_Party/FreeRTOS/Source/portable/MemMang/heap_4.o
 .bss.xMinimumEverFreeBytesRemaining
                0x0000000024004430        0x4 ./Middlewares/Third_Party/FreeRTOS/Source/portable/MemMang/heap_4.o
 .bss.xNumberOfSuccessfulAllocations
                0x0000000024004434        0x4 ./Middlewares/Third_Party/FreeRTOS/Source/portable/MemMang/heap_4.o
 .bss.xNumberOfSuccessfulFrees
                0x0000000024004438        0x4 ./Middlewares/Third_Party/FreeRTOS/Source/portable/MemMang/heap_4.o
 .bss.xBlockAllocatedBit
                0x000000002400443c        0x4 ./Middlewares/Third_Party/FreeRTOS/Source/portable/MemMang/heap_4.o
 *(COMMON)
                0x0000000024004440                . = ALIGN (0x4)
                0x0000000024004440                _ebss = .
                0x0000000024004440                __bss_end__ = _ebss

._user_heap_stack
                0x0000000024004440      0x600 load address 0x0000000008011e1c
                0x0000000024004440                . = ALIGN (0x8)
                [!provide]                        PROVIDE (end = .)
                0x0000000024004440                PROVIDE (_end = .)
                0x0000000024004640                . = (. + _Min_Heap_Size)
 *fill*         0x0000000024004440      0x200 
                0x0000000024004a40                . = (. + _Min_Stack_Size)
 *fill*         0x0000000024004640      0x400 
                0x0000000024004a40                . = ALIGN (0x8)

/DISCARD/
 libc.a(*)
 libm.a(*)
 libgcc.a(*)

.ARM.attributes
                0x0000000000000000       0x2e
 *(.ARM.attributes)
 .ARM.attributes
                0x0000000000000000       0x1e /opt/st/stm32cubeide_1.9.0/plugins/com.st.stm32cube.ide.mcu.externaltools.gnu-tools-for-stm32.10.3-2021.10.linux64_1.0.0.202111181127/tools/bin/../lib/gcc/arm-none-eabi/10.3.1/thumb/v7e-m+dp/hard/crti.o
 .ARM.attributes
                0x000000000000001e       0x32 /opt/st/stm32cubeide_1.9.0/plugins/com.st.stm32cube.ide.mcu.externaltools.gnu-tools-for-stm32.10.3-2021.10.linux64_1.0.0.202111181127/tools/bin/../lib/gcc/arm-none-eabi/10.3.1/thumb/v7e-m+dp/hard/crtbegin.o
 .ARM.attributes
                0x0000000000000050       0x32 ./Core/Src/freertos.o
 .ARM.attributes
                0x0000000000000082       0x32 ./Core/Src/main.o
 .ARM.attributes
                0x00000000000000b4       0x32 ./Core/Src/stm32h7xx_hal_msp.o
 .ARM.attributes
                0x00000000000000e6       0x32 ./Core/Src/stm32h7xx_hal_timebase_tim.o
 .ARM.attributes
                0x0000000000000118       0x32 ./Core/Src/stm32h7xx_it.o
 .ARM.attributes
                0x000000000000014a       0x32 ./Core/Src/system_stm32h7xx.o
 .ARM.attributes
                0x000000000000017c       0x21 ./Core/Startup/startup_stm32h7a3zitxq.o
 .ARM.attributes
                0x000000000000019d       0x32 ./Drivers/STM32H7xx_HAL_Driver/Src/stm32h7xx_hal.o
 .ARM.attributes
                0x00000000000001cf       0x32 ./Drivers/STM32H7xx_HAL_Driver/Src/stm32h7xx_hal_adc.o
 .ARM.attributes
                0x0000000000000201       0x32 ./Drivers/STM32H7xx_HAL_Driver/Src/stm32h7xx_hal_adc_ex.o
 .ARM.attributes
                0x0000000000000233       0x32 ./Drivers/STM32H7xx_HAL_Driver/Src/stm32h7xx_hal_cortex.o
 .ARM.attributes
                0x0000000000000265       0x32 ./Drivers/STM32H7xx_HAL_Driver/Src/stm32h7xx_hal_dma.o
 .ARM.attributes
                0x0000000000000297       0x32 ./Drivers/STM32H7xx_HAL_Driver/Src/stm32h7xx_hal_gpio.o
 .ARM.attributes
                0x00000000000002c9       0x32 ./Drivers/STM32H7xx_HAL_Driver/Src/stm32h7xx_hal_pwr_ex.o
 .ARM.attributes
                0x00000000000002fb       0x32 ./Drivers/STM32H7xx_HAL_Driver/Src/stm32h7xx_hal_rcc.o
 .ARM.attributes
                0x000000000000032d       0x32 ./Drivers/STM32H7xx_HAL_Driver/Src/stm32h7xx_hal_rcc_ex.o
 .ARM.attributes
                0x000000000000035f       0x32 ./Drivers/STM32H7xx_HAL_Driver/Src/stm32h7xx_hal_spi.o
 .ARM.attributes
                0x0000000000000391       0x32 ./Drivers/STM32H7xx_HAL_Driver/Src/stm32h7xx_hal_tim.o
 .ARM.attributes
                0x00000000000003c3       0x32 ./Drivers/STM32H7xx_HAL_Driver/Src/stm32h7xx_hal_tim_ex.o
 .ARM.attributes
                0x00000000000003f5       0x32 ./Drivers/STM32H7xx_HAL_Driver/Src/stm32h7xx_hal_uart.o
 .ARM.attributes
                0x0000000000000427       0x32 ./Drivers/STM32H7xx_HAL_Driver/Src/stm32h7xx_hal_uart_ex.o
 .ARM.attributes
                0x0000000000000459       0x32 ./Middlewares/Third_Party/FreeRTOS/Source/list.o
 .ARM.attributes
                0x000000000000048b       0x32 ./Middlewares/Third_Party/FreeRTOS/Source/queue.o
 .ARM.attributes
                0x00000000000004bd       0x32 ./Middlewares/Third_Party/FreeRTOS/Source/tasks.o
 .ARM.attributes
                0x00000000000004ef       0x32 ./Middlewares/Third_Party/FreeRTOS/Source/portable/GCC/ARM_CM4F/port.o
 .ARM.attributes
                0x0000000000000521       0x32 ./Middlewares/Third_Party/FreeRTOS/Source/portable/MemMang/heap_4.o
 .ARM.attributes
                0x0000000000000553       0x32 /opt/st/stm32cubeide_1.9.0/plugins/com.st.stm32cube.ide.mcu.externaltools.gnu-tools-for-stm32.10.3-2021.10.linux64_1.0.0.202111181127/tools/bin/../lib/gcc/arm-none-eabi/10.3.1/../../../../arm-none-eabi/lib/thumb/v7e-m+dp/hard/libc_nano.a(lib_a-atoi.o)
 .ARM.attributes
                0x0000000000000585       0x32 /opt/st/stm32cubeide_1.9.0/plugins/com.st.stm32cube.ide.mcu.externaltools.gnu-tools-for-stm32.10.3-2021.10.linux64_1.0.0.202111181127/tools/bin/../lib/gcc/arm-none-eabi/10.3.1/../../../../arm-none-eabi/lib/thumb/v7e-m+dp/hard/libc_nano.a(lib_a-errno.o)
 .ARM.attributes
                0x00000000000005b7       0x32 /opt/st/stm32cubeide_1.9.0/plugins/com.st.stm32cube.ide.mcu.externaltools.gnu-tools-for-stm32.10.3-2021.10.linux64_1.0.0.202111181127/tools/bin/../lib/gcc/arm-none-eabi/10.3.1/../../../../arm-none-eabi/lib/thumb/v7e-m+dp/hard/libc_nano.a(lib_a-impure.o)
 .ARM.attributes
                0x00000000000005e9       0x32 /opt/st/stm32cubeide_1.9.0/plugins/com.st.stm32cube.ide.mcu.externaltools.gnu-tools-for-stm32.10.3-2021.10.linux64_1.0.0.202111181127/tools/bin/../lib/gcc/arm-none-eabi/10.3.1/../../../../arm-none-eabi/lib/thumb/v7e-m+dp/hard/libc_nano.a(lib_a-init.o)
 .ARM.attributes
                0x000000000000061b       0x32 /opt/st/stm32cubeide_1.9.0/plugins/com.st.stm32cube.ide.mcu.externaltools.gnu-tools-for-stm32.10.3-2021.10.linux64_1.0.0.202111181127/tools/bin/../lib/gcc/arm-none-eabi/10.3.1/../../../../arm-none-eabi/lib/thumb/v7e-m+dp/hard/libc_nano.a(lib_a-memcpy-stub.o)
 .ARM.attributes
                0x000000000000064d       0x32 /opt/st/stm32cubeide_1.9.0/plugins/com.st.stm32cube.ide.mcu.externaltools.gnu-tools-for-stm32.10.3-2021.10.linux64_1.0.0.202111181127/tools/bin/../lib/gcc/arm-none-eabi/10.3.1/../../../../arm-none-eabi/lib/thumb/v7e-m+dp/hard/libc_nano.a(lib_a-memset.o)
 .ARM.attributes
                0x000000000000067f       0x32 /opt/st/stm32cubeide_1.9.0/plugins/com.st.stm32cube.ide.mcu.externaltools.gnu-tools-for-stm32.10.3-2021.10.linux64_1.0.0.202111181127/tools/bin/../lib/gcc/arm-none-eabi/10.3.1/../../../../arm-none-eabi/lib/thumb/v7e-m+dp/hard/libc_nano.a(lib_a-strtol.o)
 .ARM.attributes
                0x00000000000006b1       0x32 /opt/st/stm32cubeide_1.9.0/plugins/com.st.stm32cube.ide.mcu.externaltools.gnu-tools-for-stm32.10.3-2021.10.linux64_1.0.0.202111181127/tools/bin/../lib/gcc/arm-none-eabi/10.3.1/../../../../arm-none-eabi/lib/thumb/v7e-m+dp/hard/libc_nano.a(lib_a-ctype_.o)
 .ARM.attributes
                0x00000000000006e3       0x32 /opt/st/stm32cubeide_1.9.0/plugins/com.st.stm32cube.ide.mcu.externaltools.gnu-tools-for-stm32.10.3-2021.10.linux64_1.0.0.202111181127/tools/bin/../lib/gcc/arm-none-eabi/10.3.1/../../../../arm-none-eabi/lib/thumb/v7e-m+dp/hard/libm.a(lib_a-s_round.o)
 .ARM.attributes
                0x0000000000000715       0x1e /opt/st/stm32cubeide_1.9.0/plugins/com.st.stm32cube.ide.mcu.externaltools.gnu-tools-for-stm32.10.3-2021.10.linux64_1.0.0.202111181127/tools/bin/../lib/gcc/arm-none-eabi/10.3.1/thumb/v7e-m+dp/hard/libgcc.a(_aeabi_uldivmod.o)
 .ARM.attributes
                0x0000000000000733       0x32 /opt/st/stm32cubeide_1.9.0/plugins/com.st.stm32cube.ide.mcu.externaltools.gnu-tools-for-stm32.10.3-2021.10.linux64_1.0.0.202111181127/tools/bin/../lib/gcc/arm-none-eabi/10.3.1/thumb/v7e-m+dp/hard/libgcc.a(_udivmoddi4.o)
 .ARM.attributes
                0x0000000000000765       0x1e /opt/st/stm32cubeide_1.9.0/plugins/com.st.stm32cube.ide.mcu.externaltools.gnu-tools-for-stm32.10.3-2021.10.linux64_1.0.0.202111181127/tools/bin/../lib/gcc/arm-none-eabi/10.3.1/thumb/v7e-m+dp/hard/libgcc.a(_dvmd_tls.o)
 .ARM.attributes
                0x0000000000000783       0x1e /opt/st/stm32cubeide_1.9.0/plugins/com.st.stm32cube.ide.mcu.externaltools.gnu-tools-for-stm32.10.3-2021.10.linux64_1.0.0.202111181127/tools/bin/../lib/gcc/arm-none-eabi/10.3.1/thumb/v7e-m+dp/hard/crtn.o
OUTPUT(3MAP-ECU-Firmware.elf elf32-littlearm)
LOAD linker stubs
LOAD /opt/st/stm32cubeide_1.9.0/plugins/com.st.stm32cube.ide.mcu.externaltools.gnu-tools-for-stm32.10.3-2021.10.linux64_1.0.0.202111181127/tools/bin/../lib/gcc/arm-none-eabi/10.3.1/../../../../arm-none-eabi/lib/thumb/v7e-m+dp/hard/libc.a
LOAD /opt/st/stm32cubeide_1.9.0/plugins/com.st.stm32cube.ide.mcu.externaltools.gnu-tools-for-stm32.10.3-2021.10.linux64_1.0.0.202111181127/tools/bin/../lib/gcc/arm-none-eabi/10.3.1/../../../../arm-none-eabi/lib/thumb/v7e-m+dp/hard/libm.a
LOAD /opt/st/stm32cubeide_1.9.0/plugins/com.st.stm32cube.ide.mcu.externaltools.gnu-tools-for-stm32.10.3-2021.10.linux64_1.0.0.202111181127/tools/bin/../lib/gcc/arm-none-eabi/10.3.1/thumb/v7e-m+dp/hard/libgcc.a

.debug_info     0x0000000000000000    0x22f98
 .debug_info    0x0000000000000000      0x2a2 ./Core/Src/freertos.o
 .debug_info    0x00000000000002a2     0x2eff ./Core/Src/main.o
 .debug_info    0x00000000000031a1     0x234f ./Core/Src/stm32h7xx_hal_msp.o
 .debug_info    0x00000000000054f0     0x1103 ./Core/Src/stm32h7xx_hal_timebase_tim.o
 .debug_info    0x00000000000065f3     0x1111 ./Core/Src/stm32h7xx_it.o
 .debug_info    0x0000000000007704      0xc8a ./Core/Src/system_stm32h7xx.o
 .debug_info    0x000000000000838e       0x22 ./Core/Startup/startup_stm32h7a3zitxq.o