../Core/Src/main.c:176:5:main	16	static
../Core/Src/main.c:318:6:SystemClock_Config	120	static
../Core/Src/main.c:382:13:MX_ADC1_Init	48	static
../Core/Src/main.c:450:13:MX_SPI1_Init	8	static
../Core/Src/main.c:498:13:MX_SPI2_Init	8	static
../Core/Src/main.c:545:13:MX_TIM2_Init	64	static
../Core/Src/main.c:604:13:MX_TIM3_Init	40	static
../Core/Src/main.c:649:13:MX_TIM5_Init	40	static
../Core/Src/main.c:694:13:MX_USART3_UART_Init	8	static
../Core/Src/main.c:742:13:MX_USB_OTG_HS_USB_Init	4	static
../Core/Src/main.c:761:13:MX_DMA_Init	16	static
../Core/Src/main.c:779:13:MX_GPIO_Init	64	static
../Core/Src/main.c:895:6:UARTCom	56	static
../Core/Src/main.c:995:6:AutoFocus	24	static
../Core/Src/main.c:1052:6:MotorCtrlX	40	static
../Core/Src/main.c:1175:6:MotorCtrlY	40	static
../Core/Src/main.c:1297:6:HeliumCtrl	32	static
../Core/Src/main.c:1325:6:HAL_UART_RxCpltCallback	24	static,ignoring_inline_asm
../Core/Src/main.c:1338:6:HAL_SPI_RxCpltCallback	24	static,ignoring_inline_asm
../Core/Src/main.c:1350:6:HAL_ADC_ConvCpltCallback	24	static,ignoring_inline_asm
../Core/Src/main.c:1373:6:HAL_TIM_PeriodElapsedCallback	24	static,ignoring_inline_asm
../Core/Src/main.c:1404:6:Error_Handler	4	static,ignoring_inline_asm
