../Core/Src/main.c:176:5:main	16	static
../Core/Src/main.c:324:6:SystemClock_Config	120	static
../Core/Src/main.c:388:13:MX_ADC1_Init	48	static
../Core/Src/main.c:456:13:MX_SPI1_Init	8	static
../Core/Src/main.c:504:13:MX_SPI2_Init	8	static
../Core/Src/main.c:551:13:MX_TIM2_Init	64	static
../Core/Src/main.c:610:13:MX_TIM3_Init	40	static
../Core/Src/main.c:655:13:MX_TIM5_Init	40	static
../Core/Src/main.c:700:13:MX_USART3_UART_Init	8	static
../Core/Src/main.c:748:13:MX_USB_OTG_HS_USB_Init	4	static
../Core/Src/main.c:767:13:MX_DMA_Init	16	static
../Core/Src/main.c:785:13:MX_GPIO_Init	64	static
../Core/Src/main.c:901:6:UARTCom	16	static
../Core/Src/main.c:983:6:AutoFocus	16	static
../Core/Src/main.c:1044:6:MotorCtrlX	16	static
../Core/Src/main.c:1166:6:MotorCtrlY	16	static
../Core/Src/main.c:1288:6:HeliumCtrl	24	static
../Core/Src/main.c:1316:6:HAL_UART_RxCpltCallback	24	static,ignoring_inline_asm
../Core/Src/main.c:1329:6:HAL_SPI_RxCpltCallback	24	static,ignoring_inline_asm
../Core/Src/main.c:1341:6:HAL_ADC_ConvCpltCallback	24	static,ignoring_inline_asm
../Core/Src/main.c:1365:6:HAL_TIM_PeriodElapsedCallback	24	static,ignoring_inline_asm
../Core/Src/main.c:1398:6:Error_Handler	4	static,ignoring_inline_asm
